Archive member included to satisfy reference by file (symbol)

/home/jixiang/app/MounRiver_Studio_Community_Linux_x64_V150/MRS_Community/toolchain/RISC-V Embedded GCC/bin/../lib/gcc/riscv-none-embed/8.2.0/rv32imac/ilp32/libgcc.a(adddf3.o)
                              ./User/user_thread.o (__adddf3)
/home/jixiang/app/MounRiver_Studio_Community_Linux_x64_V150/MRS_Community/toolchain/RISC-V Embedded GCC/bin/../lib/gcc/riscv-none-embed/8.2.0/rv32imac/ilp32/libgcc.a(gedf2.o)
                              ./User/user_thread.o (__gtdf2)
/home/jixiang/app/MounRiver_Studio_Community_Linux_x64_V150/MRS_Community/toolchain/RISC-V Embedded GCC/bin/../lib/gcc/riscv-none-embed/8.2.0/rv32imac/ilp32/libgcc.a(ledf2.o)
                              ./User/user_thread.o (__ltdf2)
/home/jixiang/app/MounRiver_Studio_Community_Linux_x64_V150/MRS_Community/toolchain/RISC-V Embedded GCC/bin/../lib/gcc/riscv-none-embed/8.2.0/rv32imac/ilp32/libgcc.a(subdf3.o)
                              ./User/user_thread.o (__subdf3)
/home/jixiang/app/MounRiver_Studio_Community_Linux_x64_V150/MRS_Community/toolchain/RISC-V Embedded GCC/bin/../lib/gcc/riscv-none-embed/8.2.0/rv32imac/ilp32/libgcc.a(addsf3.o)
                              ./User/Func.o (__addsf3)
/home/jixiang/app/MounRiver_Studio_Community_Linux_x64_V150/MRS_Community/toolchain/RISC-V Embedded GCC/bin/../lib/gcc/riscv-none-embed/8.2.0/rv32imac/ilp32/libgcc.a(divsf3.o)
                              ./User/Func.o (__divsf3)
/home/jixiang/app/MounRiver_Studio_Community_Linux_x64_V150/MRS_Community/toolchain/RISC-V Embedded GCC/bin/../lib/gcc/riscv-none-embed/8.2.0/rv32imac/ilp32/libgcc.a(gesf2.o)
                              ./User/user_thread.o (__gtsf2)
/home/jixiang/app/MounRiver_Studio_Community_Linux_x64_V150/MRS_Community/toolchain/RISC-V Embedded GCC/bin/../lib/gcc/riscv-none-embed/8.2.0/rv32imac/ilp32/libgcc.a(mulsf3.o)
                              ./User/Func.o (__mulsf3)
/home/jixiang/app/MounRiver_Studio_Community_Linux_x64_V150/MRS_Community/toolchain/RISC-V Embedded GCC/bin/../lib/gcc/riscv-none-embed/8.2.0/rv32imac/ilp32/libgcc.a(subsf3.o)
                              ./User/Func.o (__subsf3)
/home/jixiang/app/MounRiver_Studio_Community_Linux_x64_V150/MRS_Community/toolchain/RISC-V Embedded GCC/bin/../lib/gcc/riscv-none-embed/8.2.0/rv32imac/ilp32/libgcc.a(fixunssfsi.o)
                              ./User/Func.o (__fixunssfsi)
/home/jixiang/app/MounRiver_Studio_Community_Linux_x64_V150/MRS_Community/toolchain/RISC-V Embedded GCC/bin/../lib/gcc/riscv-none-embed/8.2.0/rv32imac/ilp32/libgcc.a(floatunsisf.o)
                              ./User/Func.o (__floatunsisf)
/home/jixiang/app/MounRiver_Studio_Community_Linux_x64_V150/MRS_Community/toolchain/RISC-V Embedded GCC/bin/../lib/gcc/riscv-none-embed/8.2.0/rv32imac/ilp32/libgcc.a(extendsfdf2.o)
                              ./User/user_thread.o (__extendsfdf2)
/home/jixiang/app/MounRiver_Studio_Community_Linux_x64_V150/MRS_Community/toolchain/RISC-V Embedded GCC/bin/../lib/gcc/riscv-none-embed/8.2.0/rv32imac/ilp32/libgcc.a(truncdfsf2.o)
                              ./User/user_thread.o (__truncdfsf2)
/home/jixiang/app/MounRiver_Studio_Community_Linux_x64_V150/MRS_Community/toolchain/RISC-V Embedded GCC/bin/../lib/gcc/riscv-none-embed/8.2.0/rv32imac/ilp32/libgcc.a(save-restore.o)
                              ./rtthread/components/finsh/cmd.o (__riscv_save_12)
/home/jixiang/app/MounRiver_Studio_Community_Linux_x64_V150/MRS_Community/toolchain/RISC-V Embedded GCC/bin/../lib/gcc/riscv-none-embed/8.2.0/rv32imac/ilp32/libgcc.a(_clzsi2.o)
                              /home/jixiang/app/MounRiver_Studio_Community_Linux_x64_V150/MRS_Community/toolchain/RISC-V Embedded GCC/bin/../lib/gcc/riscv-none-embed/8.2.0/rv32imac/ilp32/libgcc.a(adddf3.o) (__clzsi2)
/home/jixiang/app/MounRiver_Studio_Community_Linux_x64_V150/MRS_Community/toolchain/RISC-V Embedded GCC/bin/../lib/gcc/riscv-none-embed/8.2.0/rv32imac/ilp32/libgcc.a(_clz.o)
                              /home/jixiang/app/MounRiver_Studio_Community_Linux_x64_V150/MRS_Community/toolchain/RISC-V Embedded GCC/bin/../lib/gcc/riscv-none-embed/8.2.0/rv32imac/ilp32/libgcc.a(_clzsi2.o) (__clz_tab)
/home/jixiang/app/MounRiver_Studio_Community_Linux_x64_V150/MRS_Community/toolchain/RISC-V Embedded GCC/bin/../lib/gcc/riscv-none-embed/8.2.0/../../../../riscv-none-embed/lib/rv32imac/ilp32/libg_nano.a(lib_a-malloc.o)
                              ./User/user_thread.o (malloc)
/home/jixiang/app/MounRiver_Studio_Community_Linux_x64_V150/MRS_Community/toolchain/RISC-V Embedded GCC/bin/../lib/gcc/riscv-none-embed/8.2.0/../../../../riscv-none-embed/lib/rv32imac/ilp32/libg_nano.a(lib_a-memcmp.o)
                              ./rtthread/components/finsh/shell.o (memcmp)
/home/jixiang/app/MounRiver_Studio_Community_Linux_x64_V150/MRS_Community/toolchain/RISC-V Embedded GCC/bin/../lib/gcc/riscv-none-embed/8.2.0/../../../../riscv-none-embed/lib/rv32imac/ilp32/libg_nano.a(lib_a-memcpy.o)
[...]
Memory Configuration

Name             Origin             Length             Attributes
FLASH            0x0000000000000000 0x0000000000040000 xr
RAM              0x0000000020000000 0x0000000000010000 xrw
*default*        0x0000000000000000 0xffffffffffffffff

Linker script and memory map

LOAD ./rtthread/src/clock.o
LOAD ./rtthread/src/components.o
LOAD ./rtthread/src/cpu.o
LOAD ./rtthread/src/device.o
LOAD ./rtthread/src/idle.o
LOAD ./rtthread/src/ipc.o
LOAD ./rtthread/src/irq.o
LOAD ./rtthread/src/kservice.o
LOAD ./rtthread/src/mem.o
LOAD ./rtthread/src/memheap.o
LOAD ./rtthread/src/mempool.o
LOAD ./rtthread/src/object.o
LOAD ./rtthread/src/scheduler.o
LOAD ./rtthread/src/slab.o
LOAD ./rtthread/src/thread.o
LOAD ./rtthread/src/timer.o
LOAD ./rtthread/libcpu/risc-v/common/context_gcc.o
LOAD ./rtthread/libcpu/risc-v/common/cpuport.o
LOAD ./rtthread/libcpu/risc-v/common/interrupt_gcc.o
LOAD ./rtthread/components/finsh/cmd.o
LOAD ./rtthread/components/finsh/msh.o
LOAD ./rtthread/components/finsh/msh_cmd.o
LOAD ./rtthread/components/finsh/msh_file.o
LOAD ./rtthread/components/finsh/shell.o
LOAD ./rtthread/components/finsh/symbol.o
LOAD ./rtthread/components/drivers/serial/serial.o
LOAD ./rtthread/components/drivers/misc/pin.o
LOAD ./rtthread/components/drivers/misc/user_timer.o
LOAD ./rtthread/board.o
LOAD ./drivers/drv_gpio.o
LOAD ./drivers/drv_timer.o
LOAD ./drivers/drv_usart.o
LOAD ./User/Func.o
LOAD ./User/Peripheral.o
LOAD ./User/ch32v30x_it.o
LOAD ./User/lcd.o
LOAD ./User/main.o
LOAD ./User/peri_config.o
LOAD ./User/system_ch32v30x.o
LOAD ./User/user_thread.o
LOAD ./Startup/startup_ch32v30x.o
LOAD ./Peripheral/src/ch32v30x_adc.o
LOAD ./Peripheral/src/ch32v30x_bkp.o
LOAD ./Peripheral/src/ch32v30x_can.o
LOAD ./Peripheral/src/ch32v30x_crc.o
LOAD ./Peripheral/src/ch32v30x_dac.o
LOAD ./Peripheral/src/ch32v30x_dbgmcu.o
LOAD ./Peripheral/src/ch32v30x_dma.o
LOAD ./Peripheral/src/ch32v30x_dvp.o
LOAD ./Peripheral/src/ch32v30x_eth.o
LOAD ./Peripheral/src/ch32v30x_exti.o
LOAD ./Peripheral/src/ch32v30x_flash.o
LOAD ./Peripheral/src/ch32v30x_fsmc.o
LOAD ./Peripheral/src/ch32v30x_gpio.o
LOAD ./Peripheral/src/ch32v30x_i2c.o
LOAD ./Peripheral/src/ch32v30x_iwdg.o
LOAD ./Peripheral/src/ch32v30x_misc.o
LOAD ./Peripheral/src/ch32v30x_opa.o
LOAD ./Peripheral/src/ch32v30x_pwr.o
LOAD ./Peripheral/src/ch32v30x_rcc.o
LOAD ./Peripheral/src/ch32v30x_rng.o
LOAD ./Peripheral/src/ch32v30x_rtc.o
LOAD ./Peripheral/src/ch32v30x_sdio.o
LOAD ./Peripheral/src/ch32v30x_spi.o
LOAD ./Peripheral/src/ch32v30x_tim.o
LOAD ./Peripheral/src/ch32v30x_usart.o
LOAD ./Peripheral/src/ch32v30x_wwdg.o
LOAD ./Debug/debug.o
LOAD ./Core/core_riscv.o
LOAD /home/jixiang/app/MounRiver_Studio_Community_Linux_x64_V150/MRS_Community/toolchain/RISC-V Embedded GCC/bin/../lib/gcc/riscv-none-embed/8.2.0/../../../../riscv-none-embed/lib/rv32imac/ilp32/libm.a
LOAD /home/jixiang/app/MounRiver_Studio_Community_Linux_x64_V150/MRS_Community/toolchain/RISC-V Embedded GCC/bin/../lib/gcc/riscv-none-embed/8.2.0/rv32imac/ilp32/libgcc.a
LOAD /home/jixiang/app/MounRiver_Studio_Community_Linux_x64_V150/MRS_Community/toolchain/RISC-V Embedded GCC/bin/../lib/gcc/riscv-none-embed/8.2.0/../../../../riscv-none-embed/lib/rv32imac/ilp32/libg_nano.a
LOAD /home/jixiang/app/MounRiver_Studio_Community_Linux_x64_V150/MRS_Community/toolchain/RISC-V Embedded GCC/bin/../lib/gcc/riscv-none-embed/8.2.0/../../../../riscv-none-embed/lib/rv32imac/ilp32/libc_nano.a
LOAD /home/jixiang/app/MounRiver_Studio_Community_Linux_x64_V150/MRS_Community/toolchain/RISC-V Embedded GCC/bin/../lib/gcc/riscv-none-embed/8.2.0/rv32imac/ilp32/libgcc.a
START GROUP
LOAD /home/jixiang/app/MounRiver_Studio_Community_Linux_x64_V150/MRS_Community/toolchain/RISC-V Embedded GCC/bin/../lib/gcc/riscv-none-embed/8.2.0/rv32imac/ilp32/libgcc.a
LOAD /home/jixiang/app/MounRiver_Studio_Community_Linux_x64_V150/MRS_Community/toolchain/RISC-V Embedded GCC/bin/../lib/gcc/riscv-none-embed/8.2.0/../../../../riscv-none-embed/lib/rv32imac/ilp32/libc_nano.a
LOAD /home/jixiang/app/MounRiver_Studio_Community_Linux_x64_V150/MRS_Community/toolchain/RISC-V Embedded GCC/bin/../lib/gcc/riscv-none-embed/8.2.0/../../../../riscv-none-embed/lib/rv32imac/ilp32/libnosys.a
END GROUP
START GROUP
LOAD /home/jixiang/app/MounRiver_Studio_Community_Linux_x64_V150/MRS_Community/toolchain/RISC-V Embedded GCC/bin/../lib/gcc/riscv-none-embed/8.2.0/rv32imac/ilp32/libgcc.a
LOAD /home/jixiang/app/MounRiver_Studio_Community_Linux_x64_V150/MRS_Community/toolchain/RISC-V Embedded GCC/bin/../lib/gcc/riscv-none-embed/8.2.0/../../../../riscv-none-embed/lib/rv32imac/ilp32/libc_nano.a
LOAD /home/jixiang/app/MounRiver_Studio_Community_Linux_x64_V150/MRS_Community/toolchain/RISC-V Embedded GCC/bin/../lib/gcc/riscv-none-embed/8.2.0/../../../../riscv-none-embed/lib/rv32imac/ilp32/libnosys.a
END GROUP
                0x0000000000000800                __stack_size = 0x800
                [!provide]                        PROVIDE (_stack_size = __stack_size)

.init           0x0000000000000000       0x38
                0x0000000000000000                _sinit = .
                0x0000000000000000                . = ALIGN (0x4)
 *(SORT_NONE(.init))
 .init          0x0000000000000000       0x38 ./Startup/startup_ch32v30x.o
                0x0000000000000000                _start
                0x0000000000000038                . = ALIGN (0x4)
                0x0000000000000038                _einit = .

.vector         0x0000000000000038      0x1c8
 *(.vector)
 .vector        0x0000000000000038      0x1a0 ./Startup/startup_ch32v30x.o
                0x0000000000000200                . = ALIGN (0x40)
 *fill*         0x00000000000001d8       0x28 

.text           0x0000000000000200    0x11740
                0x0000000000000200                . = ALIGN (0x4)
 *(.text)
 .text          0x0000000000000200       0xce ./rtthread/libcpu/risc-v/common/context_gcc.o
                0x0000000000000200                rt_hw_context_switch_to
                0x000000000000021c                rt_hw_context_switch
                0x0000000000000276                rt_hw_context_switch_exit
 *fill*         0x00000000000002ce        0x2 
 .text          0x00000000000002d0       0xe2 ./rtthread/libcpu/risc-v/common/interrupt_gcc.o
                0x00000000000002d0                SW_Handler
 .text          0x00000000000003b2       0x60 /home/jixiang/app/MounRiver_Studio_Community_Linux_x64_V150/MRS_Community/toolchain/RISC-V Embedded GCC/bin/../lib/gcc/riscv-none-embed/8.2.0/rv32imac/ilp32/libgcc.a(save-restore.o)
                0x00000000000003b2                __riscv_save_12
                0x00000000000003ba                __riscv_save_8
                0x00000000000003ba                __riscv_save_11
                0x00000000000003ba                __riscv_save_9
                0x00000000000003ba                __riscv_save_10
                0x00000000000003c8                __riscv_save_7
                0x00000000000003c8                __riscv_save_4
                0x00000000000003c8                __riscv_save_6
                0x00000000000003c8                __riscv_save_5
                0x00000000000003e2                __riscv_save_1
                0x00000000000003e2                __riscv_save_3
                0x00000000000003e2                __riscv_save_2
                0x00000000000003e2                __riscv_save_0
                0x00000000000003ee                __riscv_restore_12
                0x00000000000003f2                __riscv_restore_10
                0x00000000000003f2                __riscv_restore_11
                0x00000000000003f2                __riscv_restore_8
                0x00000000000003f2                __riscv_restore_9
                0x00000000000003fc                __riscv_restore_5
                0x00000000000003fc                __riscv_restore_6
                0x00000000000003fc                __riscv_restore_4
                0x00000000000003fc                __riscv_restore_7
                0x0000000000000406                __riscv_restore_3
                0x0000000000000406                __riscv_restore_2
                0x0000000000000406                __riscv_restore_0
                0x0000000000000406                __riscv_restore_1
 .text          0x0000000000000412       0xa8 /home/jixiang/app/MounRiver_Studio_Community_Linux_x64_V150/MRS_Community/toolchain/RISC-V Embedded GCC/bin/../lib/gcc/riscv-none-embed/8.2.0/../../../../riscv-none-embed/lib/rv32imac/ilp32/libg_nano.a(lib_a-memset.o)
                0x0000000000000412                memset
 *(.text.*)
 .text.rt_tick_get
                0x00000000000004ba        0x6 ./rtthread/src/clock.o
                0x00000000000004ba                rt_tick_get
 .text.rt_tick_increase
                0x00000000000004c0       0x2e ./rtthread/src/clock.o
                0x00000000000004c0                rt_tick_increase
 .text.rt_tick_from_millisecond
                0x00000000000004ee       0x28 ./rtthread/src/clock.o
                0x00000000000004ee                rt_tick_from_millisecond
 .text.rti_start
                0x0000000000000516        0x4 ./rtthread/src/components.o
 .text.main_thread_entry
                0x000000000000051a       0x3c ./rtthread/src/components.o
                0x000000000000051a                main_thread_entry
 .text.rti_end  0x0000000000000556        0x4 ./rtthread/src/components.o
 .text.rti_board_start
                0x000000000000055a        0x4 ./rtthread/src/components.o
 .text.rti_board_end
                0x000000000000055e        0x4 ./rtthread/src/components.o
 .text.rt_components_board_init
                0x0000000000000562       0x38 ./rtthread/src/components.o
                0x0000000000000562                rt_components_board_init
 .text.rt_application_init
                0x000000000000059a       0x28 ./rtthread/src/components.o
                0x000000000000059a                rt_application_init
 .text.rtthread_startup
                0x00000000000005c2       0x28 ./rtthread/src/components.o
                0x00000000000005c2                rtthread_startup
 .text.entry    0x00000000000005ea        0xa ./rtthread/src/components.o
                0x00000000000005ea                entry
 .text.rt_device_find
                0x00000000000005f4       0x52 ./rtthread/src/device.o
                0x00000000000005f4                rt_device_find
 .text.rt_device_register
                0x0000000000000646       0x34 ./rtthread/src/device.o
                0x0000000000000646                rt_device_register
 .text.rt_device_open
                0x000000000000067a       0x8e ./rtthread/src/device.o
                0x000000000000067a                rt_device_open
 .text.rt_device_close
                0x0000000000000708       0x3e ./rtthread/src/device.o
                0x0000000000000708                rt_device_close
 .text.rt_device_read
                0x0000000000000746       0x26 ./rtthread/src/device.o
                0x0000000000000746                rt_device_read
 .text.rt_device_write
                0x000000000000076c       0x26 ./rtthread/src/device.o
                0x000000000000076c                rt_device_write
 .text.rt_device_control
                0x0000000000000792       0x10 ./rtthread/src/device.o
                0x0000000000000792                rt_device_control
 .text.rt_device_set_rx_indicate
                0x00000000000007a2        0x6 ./rtthread/src/device.o
                0x00000000000007a2                rt_device_set_rx_indicate
 .text.rt_thread_idle_excute
                0x00000000000007a8       0x82 ./rtthread/src/idle.o
                0x00000000000007a8                rt_thread_idle_excute
 .text.rt_thread_idle_entry
                0x000000000000082a       0x1e ./rtthread/src/idle.o
 .text.rt_thread_idle_init
                0x0000000000000848       0x36 ./rtthread/src/idle.o
                0x0000000000000848                rt_thread_idle_init
 .text.rt_sem_init
                0x000000000000087e       0x26 ./rtthread/src/ipc.o
                0x000000000000087e                rt_sem_init
 .text.rt_sem_take
                0x00000000000008a4       0xe4 ./rtthread/src/ipc.o
                0x00000000000008a4                rt_sem_take
 .text.rt_sem_release
                0x0000000000000988       0x46 ./rtthread/src/ipc.o
                0x0000000000000988                rt_sem_release
 .text.rt_mutex_create
                0x00000000000009ce       0x2c ./rtthread/src/ipc.o
                0x00000000000009ce                rt_mutex_create
 .text.rt_mutex_take
                0x00000000000009fa      0x148 ./rtthread/src/ipc.o
                0x00000000000009fa                rt_mutex_take
 .text.rt_mutex_release
                0x0000000000000b42       0xb0 ./rtthread/src/ipc.o
                0x0000000000000b42                rt_mutex_release
 .text.rt_interrupt_enter
                0x0000000000000bf2       0x32 ./rtthread/src/irq.o
                0x0000000000000bf2                rt_interrupt_enter
 .text.rt_interrupt_leave
                0x0000000000000c24       0x32 ./rtthread/src/irq.o
                0x0000000000000c24                rt_interrupt_leave
 .text.rt_interrupt_get_nest
                0x0000000000000c56        0x6 ./rtthread/src/irq.o
                0x0000000000000c56                rt_interrupt_get_nest
 .text.print_number
                0x0000000000000c5c      0x206 ./rtthread/src/kservice.o
 .text.rt_set_errno
                0x0000000000000e62       0x1e ./rtthread/src/kservice.o
                0x0000000000000e62                rt_set_errno
 .text.rt_memset
                0x0000000000000e80       0x8e ./rtthread/src/kservice.o
                0x0000000000000e80                rt_memset
 .text.rt_memmove
                0x0000000000000f0e       0x40 ./rtthread/src/kservice.o
                0x0000000000000f0e                rt_memmove
 .text.rt_strncpy
                0x0000000000000f4e       0x36 ./rtthread/src/kservice.o
                0x0000000000000f4e                rt_strncpy
 .text.rt_strncmp
                0x0000000000000f84       0x44 ./rtthread/src/kservice.o
                0x0000000000000f84                rt_strncmp
 .text.rt_strlen
                0x0000000000000fc8       0x1a ./rtthread/src/kservice.o
                0x0000000000000fc8                rt_strlen
 .text.rt_vsnprintf
                0x0000000000000fe2      0x400 ./rtthread/src/kservice.o
                0x0000000000000fe2                rt_vsnprintf
 .text.rt_console_get_device
                0x00000000000013e2        0x6 ./rtthread/src/kservice.o
                0x00000000000013e2                rt_console_get_device
 .text.rt_console_set_device
                0x00000000000013e8       0x2e ./rtthread/src/kservice.o
                0x00000000000013e8                rt_console_set_device
 .text.rt_hw_console_output
                0x0000000000001416        0x2 ./rtthread/src/kservice.o
                0x0000000000001416                rt_hw_console_output
 .text.rt_kprintf
                0x0000000000001418       0x7e ./rtthread/src/kservice.o
                0x0000000000001418                rt_kprintf
 .text.rt_show_version
                0x0000000000001496       0x3e ./rtthread/src/kservice.o
                0x0000000000001496                rt_show_version
 .text.__rt_ffs
                0x00000000000014d4       0x6c ./rtthread/src/kservice.o
                0x00000000000014d4                __rt_ffs
 .text.plug_holes
                0x0000000000001540       0x60 ./rtthread/src/mem.o
 .text.list_mem
                0x00000000000015a0       0x32 ./rtthread/src/mem.o
                0x00000000000015a0                list_mem
 .text.rt_system_heap_init
                0x00000000000015d2       0x86 ./rtthread/src/mem.o
                0x00000000000015d2                rt_system_heap_init
 .text.rt_malloc
                0x0000000000001658      0x138 ./rtthread/src/mem.o
                0x0000000000001658                rt_malloc
 .text.rt_calloc
                0x0000000000001790       0x1e ./rtthread/src/mem.o
                0x0000000000001790                rt_calloc
 .text.rt_free  0x00000000000017ae       0xb0 ./rtthread/src/mem.o
                0x00000000000017ae                rt_free
 .text.rt_object_get_information
                0x000000000000185e       0x2a ./rtthread/src/object.o
                0x000000000000185e                rt_object_get_information
 .text.rt_object_init
                0x0000000000001888       0x90 ./rtthread/src/object.o
                0x0000000000001888                rt_object_init
 .text.rt_object_detach
                0x0000000000001918       0x2e ./rtthread/src/object.o
                0x0000000000001918                rt_object_detach
 .text.rt_object_allocate
                0x0000000000001946       0x90 ./rtthread/src/object.o
                0x0000000000001946                rt_object_allocate
 .text.rt_object_delete
                0x00000000000019d6       0x32 ./rtthread/src/object.o
                0x00000000000019d6                rt_object_delete
 .text.rt_object_is_systemobject
                0x0000000000001a08        0x8 ./rtthread/src/object.o
                0x0000000000001a08                rt_object_is_systemobject
 .text.rt_system_scheduler_init
                0x0000000000001a10       0x2e ./rtthread/src/scheduler.o
                0x0000000000001a10                rt_system_scheduler_init
 .text.rt_system_scheduler_start
                0x0000000000001a3e       0x2c ./rtthread/src/scheduler.o
                0x0000000000001a3e                rt_system_scheduler_start
 .text.rt_schedule
                0x0000000000001a6a       0x72 ./rtthread/src/scheduler.o
                0x0000000000001a6a                rt_schedule
 .text.rt_schedule_insert_thread
                0x0000000000001adc       0x4c ./rtthread/src/scheduler.o
                0x0000000000001adc                rt_schedule_insert_thread
 .text.rt_schedule_remove_thread
                0x0000000000001b28       0x4e ./rtthread/src/scheduler.o
                0x0000000000001b28                rt_schedule_remove_thread
 .text.rt_enter_critical
                0x0000000000001b76       0x1e ./rtthread/src/scheduler.o
                0x0000000000001b76                rt_enter_critical
 .text.rt_exit_critical
                0x0000000000001b94       0x3a ./rtthread/src/scheduler.o
                0x0000000000001b94                rt_exit_critical
 .text.rt_thread_exit
                0x0000000000001bce       0x54 ./rtthread/src/thread.o
                0x0000000000001bce                rt_thread_exit
 .text.rt_thread_timeout
                0x0000000000001c22       0x20 ./rtthread/src/thread.o
                0x0000000000001c22                rt_thread_timeout
 .text._rt_thread_init.isra.0
                0x0000000000001c42       0x82 ./rtthread/src/thread.o
 .text.rt_thread_init
                0x0000000000001cc4       0x2e ./rtthread/src/thread.o
                0x0000000000001cc4                rt_thread_init
 .text.rt_thread_self
                0x0000000000001cf2        0x6 ./rtthread/src/thread.o
                0x0000000000001cf2                rt_thread_self
 .text.rt_thread_create
                0x0000000000001cf8       0x42 ./rtthread/src/thread.o
                0x0000000000001cf8                rt_thread_create
 .text.rt_thread_delete
                0x0000000000001d3a       0x40 ./rtthread/src/thread.o
                0x0000000000001d3a                rt_thread_delete
 .text.rt_thread_yield
                0x0000000000001d7a       0x56 ./rtthread/src/thread.o
                0x0000000000001d7a                rt_thread_yield
 .text.rt_thread_suspend
                0x0000000000001dd0       0x4a ./rtthread/src/thread.o
                0x0000000000001dd0                rt_thread_suspend
 .text.rt_thread_sleep
                0x0000000000001e1a       0x40 ./rtthread/src/thread.o
                0x0000000000001e1a                rt_thread_sleep
 .text.rt_thread_mdelay
                0x0000000000001e5a        0xe ./rtthread/src/thread.o
                0x0000000000001e5a                rt_thread_mdelay
 .text.rt_thread_resume
                0x0000000000001e68       0x4c ./rtthread/src/thread.o
                0x0000000000001e68                rt_thread_resume
 .text.rt_thread_startup
                0x0000000000001eb4       0x2c ./rtthread/src/thread.o
                0x0000000000001eb4                rt_thread_startup
 .text.rt_thread_control
                0x0000000000001ee0       0x78 ./rtthread/src/thread.o
                0x0000000000001ee0                rt_thread_control
 .text.rt_timer_init
                0x0000000000001f58       0x38 ./rtthread/src/timer.o
                0x0000000000001f58                rt_timer_init
 .text.rt_timer_detach
                0x0000000000001f90       0x26 ./rtthread/src/timer.o
                0x0000000000001f90                rt_timer_detach
 .text.rt_timer_start
                0x0000000000001fb6       0x92 ./rtthread/src/timer.o
                0x0000000000001fb6                rt_timer_start
 .text.rt_timer_stop
                0x0000000000002048       0x3e ./rtthread/src/timer.o
                0x0000000000002048                rt_timer_stop
 .text.rt_timer_control
                0x0000000000002086       0x46 ./rtthread/src/timer.o
                0x0000000000002086                rt_timer_control
 .text.rt_timer_check
                0x00000000000020cc       0x86 ./rtthread/src/timer.o
                0x00000000000020cc                rt_timer_check
 .text.rt_system_timer_init
                0x0000000000002152        0xa ./rtthread/src/timer.o
                0x0000000000002152                rt_system_timer_init
 .text.rt_system_timer_thread_init
                0x000000000000215c        0x2 ./rtthread/src/timer.o
                0x000000000000215c                rt_system_timer_thread_init
 .text.rt_hw_stack_init
                0x000000000000215e       0x34 ./rtthread/libcpu/risc-v/common/cpuport.o
                0x000000000000215e                rt_hw_stack_init
 .text.sw_clearpend
                0x0000000000002192        0xe ./rtthread/libcpu/risc-v/common/cpuport.o
                0x0000000000002192                sw_clearpend
 .text.rt_hw_interrupt_disable
                0x00000000000021a0        0xc ./rtthread/libcpu/risc-v/common/cpuport.o
                0x00000000000021a0                rt_hw_interrupt_disable
 .text.rt_hw_interrupt_enable
                0x00000000000021ac        0x6 ./rtthread/libcpu/risc-v/common/cpuport.o
                0x00000000000021ac                rt_hw_interrupt_enable
 .text.rt_hw_context_switch_interrupt
                0x00000000000021b2       0x24 ./rtthread/libcpu/risc-v/common/cpuport.o
                0x00000000000021b2                rt_hw_context_switch_interrupt
 .text.reboot   0x00000000000021d6       0x12 ./rtthread/components/finsh/cmd.o
                0x00000000000021d6                reboot
 .text.clear    0x00000000000021e8       0x16 ./rtthread/components/finsh/cmd.o
                0x00000000000021e8                clear
 .text.show_wait_queue
                0x00000000000021fe       0x3a ./rtthread/components/finsh/cmd.o
 .text.object_name_maxlen
                0x0000000000002238       0x46 ./rtthread/components/finsh/cmd.o
 .text.list_thread
                0x000000000000227e      0x136 ./rtthread/components/finsh/cmd.o
                0x000000000000227e                list_thread
 .text.list_sem
                0x00000000000023b4       0xbc ./rtthread/components/finsh/cmd.o
                0x00000000000023b4                list_sem
 .text.list_event
                0x0000000000002470       0xba ./rtthread/components/finsh/cmd.o
                0x0000000000002470                list_event
 .text.list_mutex
                0x000000000000252a       0x9c ./rtthread/components/finsh/cmd.o
                0x000000000000252a                list_mutex
 .text.list_mailbox
                0x00000000000025c6       0xc0 ./rtthread/components/finsh/cmd.o
                0x00000000000025c6                list_mailbox
 .text.list_msgqueue
                0x0000000000002686       0xbc ./rtthread/components/finsh/cmd.o
                0x0000000000002686                list_msgqueue
 .text.list_device
                0x0000000000002742       0xde ./rtthread/components/finsh/cmd.o
                0x0000000000002742                list_device
 .text.list_timer
                0x0000000000002820       0xb2 ./rtthread/components/finsh/cmd.o
                0x0000000000002820                list_timer
 .text.list     0x00000000000028d2       0x50 ./rtthread/components/finsh/cmd.o
                0x00000000000028d2                list
 .text.msh_help
                0x0000000000002922       0x5e ./rtthread/components/finsh/msh.o
                0x0000000000002922                msh_help
 .text.msh_is_used
                0x0000000000002980        0x4 ./rtthread/components/finsh/msh.o
                0x0000000000002980                msh_is_used
 .text.msh_exec
                0x0000000000002984      0x214 ./rtthread/components/finsh/msh.o
                0x0000000000002984                msh_exec
 .text.msh_auto_complete
                0x0000000000002b98       0xce ./rtthread/components/finsh/msh.o
                0x0000000000002b98                msh_auto_complete
 .text.cmd_ps   0x0000000000002c66        0xe ./rtthread/components/finsh/msh_cmd.o
                0x0000000000002c66                cmd_ps
 .text.cmd_free
                0x0000000000002c74        0xe ./rtthread/components/finsh/msh_cmd.o
                0x0000000000002c74                cmd_free
 .text.finsh_rx_ind
                0x0000000000002c82       0x12 ./rtthread/components/finsh/shell.o
 .text.finsh_system_init
                0x0000000000002c94       0x98 ./rtthread/components/finsh/shell.o
                0x0000000000002c94                finsh_system_init
 .text.finsh_get_prompt
                0x0000000000002d2c       0x54 ./rtthread/components/finsh/shell.o
                0x0000000000002d2c                finsh_get_prompt
 .text.shell_handle_history
                0x0000000000002d80       0x2e ./rtthread/components/finsh/shell.o
 .text.finsh_set_device
                0x0000000000002dae       0x7c ./rtthread/components/finsh/shell.o
                0x0000000000002dae                finsh_set_device
 .text.finsh_thread_entry
                0x0000000000002e2a      0x4c6 ./rtthread/components/finsh/shell.o
                0x0000000000002e2a                finsh_thread_entry
 .text.rt_serial_init
                0x00000000000032f0       0x20 ./rtthread/components/drivers/serial/serial.o
 .text.rt_serial_write
                0x0000000000003310       0x50 ./rtthread/components/drivers/serial/serial.o
 .text.rt_serial_open
                0x0000000000003360       0xba ./rtthread/components/drivers/serial/serial.o
 .text.rt_serial_control
                0x000000000000341a       0x88 ./rtthread/components/drivers/serial/serial.o
 .text.rt_serial_read
                0x00000000000034a2       0xb4 ./rtthread/components/drivers/serial/serial.o
 .text.rt_serial_close
                0x0000000000003556       0x48 ./rtthread/components/drivers/serial/serial.o
 .text.rt_hw_serial_register
                0x000000000000359e       0x5a ./rtthread/components/drivers/serial/serial.o
                0x000000000000359e                rt_hw_serial_register
 .text.rt_hw_serial_isr
                0x00000000000035f8       0xb0 ./rtthread/components/drivers/serial/serial.o
                0x00000000000035f8                rt_hw_serial_isr
 .text._pin_control
                0x00000000000036a8       0x20 ./rtthread/components/drivers/misc/pin.o
 .text.rt_pin_mode
                0x00000000000036c8       0x1a ./rtthread/components/drivers/misc/pin.o
                0x00000000000036c8                rt_pin_mode
 .text.rt_pin_write
                0x00000000000036e2       0x1a ./rtthread/components/drivers/misc/pin.o
                0x00000000000036e2                rt_pin_write
 .text.rt_pin_read
                0x00000000000036fc       0x18 ./rtthread/components/drivers/misc/pin.o
                0x00000000000036fc                rt_pin_read
 .text._pin_read
                0x0000000000003714       0x30 ./rtthread/components/drivers/misc/pin.o
 .text._pin_write
                0x0000000000003744       0x30 ./rtthread/components/drivers/misc/pin.o
 .text.rt_device_pin_register
                0x0000000000003774       0x54 ./rtthread/components/drivers/misc/pin.o
                0x0000000000003774                rt_device_pin_register
 .text.rt_device_timer_register
                0x00000000000037c8       0x42 ./rtthread/components/drivers/misc/user_timer.o
                0x00000000000037c8                rt_device_timer_register
 .text.rt_user_timer_mode
                0x000000000000380a       0x10 ./rtthread/components/drivers/misc/user_timer.o
                0x000000000000380a                rt_user_timer_mode
 .text.rt_user_timer_init
                0x000000000000381a       0x10 ./rtthread/components/drivers/misc/user_timer.o
                0x000000000000381a                rt_user_timer_init
 .text.rt_user_timer_attach_irq
                0x000000000000382a       0x10 ./rtthread/components/drivers/misc/user_timer.o
                0x000000000000382a                rt_user_timer_attach_irq
 .text.rt_user_timer_irq_enable
                0x000000000000383a       0x10 ./rtthread/components/drivers/misc/user_timer.o
                0x000000000000383a                rt_user_timer_irq_enable
 .text.rt_heap_begin_get
                0x000000000000384a        0xa ./rtthread/board.o
                0x000000000000384a                rt_heap_begin_get
 .text.rt_heap_end_get
                0x0000000000003854        0xa ./rtthread/board.o
                0x0000000000003854                rt_heap_end_get
 .text.rt_hw_board_init
                0x000000000000385e       0x72 ./rtthread/board.o
                0x000000000000385e                rt_hw_board_init
 .text.SysTick_Handler
                0x00000000000038d0       0x20 ./rtthread/board.o
                0x00000000000038d0                SysTick_Handler
 .text.GPIOD_CLK_ENABLE
                0x00000000000038f0       0x12 ./drivers/drv_gpio.o
 .text.GPIOB_CLK_ENABLE
                0x0000000000003902       0x10 ./drivers/drv_gpio.o
 .text.GPIOA_CLK_ENABLE
                0x0000000000003912       0x10 ./drivers/drv_gpio.o
 .text.GPIOC_CLK_ENABLE
                0x0000000000003922       0x10 ./drivers/drv_gpio.o
 .text.GPIOE_CLK_ENABLE
                0x0000000000003932       0x12 ./drivers/drv_gpio.o
 .text.ch32_pin_write
                0x0000000000003944       0x36 ./drivers/drv_gpio.o
                0x0000000000003944                ch32_pin_write
 .text.ch32_pin_read
                0x000000000000397a       0x38 ./drivers/drv_gpio.o
                0x000000000000397a                ch32_pin_read
 .text.ch32_pin_mode
                0x00000000000039b2       0xb0 ./drivers/drv_gpio.o
                0x00000000000039b2                ch32_pin_mode
 .text.ch32_pin_attach_irq
                0x0000000000003a62       0xca ./drivers/drv_gpio.o
                0x0000000000003a62                ch32_pin_attach_irq
 .text.ch32_pin_dettach_irq
                0x0000000000003b2c       0x88 ./drivers/drv_gpio.o
                0x0000000000003b2c                ch32_pin_dettach_irq
 .text.ch32_pin_irq_enable
                0x0000000000003bb4      0x1b0 ./drivers/drv_gpio.o
                0x0000000000003bb4                ch32_pin_irq_enable
 .text.rt_hw_pin_init
                0x0000000000003d64       0x1c ./drivers/drv_gpio.o
                0x0000000000003d64                rt_hw_pin_init
 .text.EXTI0_IRQHandler
                0x0000000000003d80       0x32 ./drivers/drv_gpio.o
                0x0000000000003d80                EXTI0_IRQHandler
 .text.EXTI1_IRQHandler
                0x0000000000003db2       0x3e ./drivers/drv_gpio.o
                0x0000000000003db2                EXTI1_IRQHandler
 .text.EXTI2_IRQHandler
                0x0000000000003df0       0x32 ./drivers/drv_gpio.o
                0x0000000000003df0                EXTI2_IRQHandler
 .text.EXTI3_IRQHandler
                0x0000000000003e22       0x32 ./drivers/drv_gpio.o
                0x0000000000003e22                EXTI3_IRQHandler
 .text.EXTI4_IRQHandler
                0x0000000000003e54       0x32 ./drivers/drv_gpio.o
                0x0000000000003e54                EXTI4_IRQHandler
 .text.EXTI9_5_IRQHandler
                0x0000000000003e86       0x88 ./drivers/drv_gpio.o
                0x0000000000003e86                EXTI9_5_IRQHandler
 .text.EXTI15_10_IRQHandler
                0x0000000000003f0e       0xac ./drivers/drv_gpio.o
                0x0000000000003f0e                EXTI15_10_IRQHandler
 .text.ch32_timer_attach_irq
                0x0000000000003fba        0xa ./drivers/drv_timer.o
                0x0000000000003fba                ch32_timer_attach_irq
 .text.ch32_timer_mode
                0x0000000000003fc4       0x28 ./drivers/drv_timer.o
                0x0000000000003fc4                ch32_timer_mode
 .text.ch32_timer_init
                0x0000000000003fec       0x4e ./drivers/drv_timer.o
                0x0000000000003fec                ch32_timer_init
 .text.ch32_timer_irq_enable
                0x000000000000403a       0x1a ./drivers/drv_timer.o
                0x000000000000403a                ch32_timer_irq_enable
 .text.rt_hw_user_timer_init
                0x0000000000004054       0x1c ./drivers/drv_timer.o
                0x0000000000004054                rt_hw_user_timer_init
 .text.TIM7_IRQHandler
                0x0000000000004070       0x1e ./drivers/drv_timer.o
                0x0000000000004070                TIM7_IRQHandler
 .text.ch32dma_transmit
                0x000000000000408e        0x4 ./drivers/drv_usart.o
                0x000000000000408e                ch32dma_transmit
 .text.ch32_configure
                0x0000000000004092       0xfa ./drivers/drv_usart.o
 .text.rt_hw_usart_init
                0x000000000000418c       0xc8 ./drivers/drv_usart.o
                0x000000000000418c                rt_hw_usart_init
 .text.ch32_getc
                0x0000000000004254       0x24 ./drivers/drv_usart.o
 .text.ch32_putc
                0x0000000000004278       0x24 ./drivers/drv_usart.o
 .text.ch32_control
                0x000000000000429c       0x6a ./drivers/drv_usart.o
 .text.USART1_IRQHandler
                0x0000000000004306       0x5c ./drivers/drv_usart.o
                0x0000000000004306                USART1_IRQHandler
 .text.DrawCurve
                0x0000000000004362      0x234 ./User/Func.o
                0x0000000000004362                DrawCurve
 .text.DrawMenu
                0x0000000000004596      0x736 ./User/Func.o
                0x0000000000004596                DrawMenu
 .text.GetThreshHoldVolt
                0x0000000000004ccc       0x4e ./User/Func.o
                0x0000000000004ccc                GetThreshHoldVolt
 .text.GetTemplate
                0x0000000000004d1a      0x210 ./User/Func.o
                0x0000000000004d1a                GetTemplate
 .text.TemplateSave
                0x0000000000004f2a       0x66 ./User/Func.o
                0x0000000000004f2a                TemplateSave
 .text.fasttraining
                0x0000000000004f90      0x118 ./User/Func.o
                0x0000000000004f90                fasttraining
 .text.train    0x00000000000050a8      0x768 ./User/Func.o
                0x00000000000050a8                train
 .text.ADC_Function_Init
                0x0000000000005810       0xc2 ./User/Peripheral.o
                0x0000000000005810                ADC_Function_Init
 .text.DMA1_Init
                0x00000000000058d2       0x64 ./User/Peripheral.o
                0x00000000000058d2                DMA1_Init
 .text.DMA1Interrupt_Init
                0x0000000000005936       0x28 ./User/Peripheral.o
                0x0000000000005936                DMA1Interrupt_Init
 .text.DMA1_Channel1_IRQHandler
                0x000000000000595e      0x156 ./User/Peripheral.o
                0x000000000000595e                DMA1_Channel1_IRQHandler
 .text.NMI_Handler
                0x0000000000005ab4       0x20 ./User/ch32v30x_it.o
                0x0000000000005ab4                NMI_Handler
 .text.HardFault_Handler
                0x0000000000005ad4       0x20 ./User/ch32v30x_it.o
                0x0000000000005ad4                HardFault_Handler
 .text.lcd_fsmc_init
                0x0000000000005af4      0x13a ./User/lcd.o
                0x0000000000005af4                lcd_fsmc_init
 .text.lcd_gpio_init
                0x0000000000005c2e       0x58 ./User/lcd.o
                0x0000000000005c2e                lcd_gpio_init
 .text.lcd_clear
                0x0000000000005c86       0x6c ./User/lcd.o
                0x0000000000005c86                lcd_clear
 .text.lcd_init
                0x0000000000005cf2      0x1ec ./User/lcd.o
                0x0000000000005cf2                lcd_init
 .text.lcd_fill
                0x0000000000005ede       0x90 ./User/lcd.o
                0x0000000000005ede                lcd_fill
 .text.lcd_draw_line
                0x0000000000005f6e      0x1c4 ./User/lcd.o
                0x0000000000005f6e                lcd_draw_line
 .text.lcd_draw_circle
                0x0000000000006132      0x3ca ./User/lcd.o
                0x0000000000006132                lcd_draw_circle
 .text.lcd_show_char
                0x00000000000064fc      0x2b0 ./User/lcd.o
                0x00000000000064fc                lcd_show_char
 .text.lcd_show_string
                0x00000000000067ac       0xf6 ./User/lcd.o
                0x00000000000067ac                lcd_show_string
 .text.lcd_show_num
                0x00000000000068a2       0x1a ./User/lcd.o
                0x00000000000068a2                lcd_show_num
 .text.user_timer_irq
                0x00000000000068bc       0x38 ./User/main.o
 .text.data_init
                0x00000000000068f4       0xd0 ./User/main.o
                0x00000000000068f4                data_init
 .text.user_timer_init
                0x00000000000069c4       0x2a ./User/main.o
                0x00000000000069c4                user_timer_init
 .text.peripheral_init
                0x00000000000069ee      0x16e ./User/main.o
                0x00000000000069ee                peripheral_init
 .text.startup.main
                0x0000000000006b5c       0x52 ./User/main.o
                0x0000000000006b5c                main
 .text.user_EXTI0_IRQHandler
                0x0000000000006bae       0x24 ./User/peri_config.o
                0x0000000000006bae                user_EXTI0_IRQHandler
 .text.user_EXTI1_IRQHandler
                0x0000000000006bd2       0x20 ./User/peri_config.o
                0x0000000000006bd2                user_EXTI1_IRQHandler
 .text.user_EXTI2_IRQHandler
                0x0000000000006bf2       0x20 ./User/peri_config.o
                0x0000000000006bf2                user_EXTI2_IRQHandler
 .text.user_EXTI4_IRQHandler
                0x0000000000006c12       0x20 ./User/peri_config.o
                0x0000000000006c12                user_EXTI4_IRQHandler
 .text.user_EXTI9_5_IRQHandler
                0x0000000000006c32       0x20 ./User/peri_config.o
                0x0000000000006c32                user_EXTI9_5_IRQHandler
 .text.main_init
                0x0000000000006c52       0x44 ./User/peri_config.o
                0x0000000000006c52                main_init
 .text.key_init
                0x0000000000006c96      0x170 ./User/peri_config.o
                0x0000000000006c96                key_init
 .text.SystemInit
                0x0000000000006e06      0x10a ./User/system_ch32v30x.o
                0x0000000000006e06                SystemInit
 .text.SystemCoreClockUpdate
                0x0000000000006f10       0xca ./User/system_ch32v30x.o
                0x0000000000006f10                SystemCoreClockUpdate
 .text.LCD_thread_entry
                0x0000000000006fda      0xb98 ./User/user_thread.o
                0x0000000000006fda                LCD_thread_entry
 .text.DTW_thread_entry
                0x0000000000007b72      0x63a ./User/user_thread.o
                0x0000000000007b72                DTW_thread_entry
 .text.thread_sema_init
                0x00000000000081ac      0x11a ./User/user_thread.o
                0x00000000000081ac                thread_sema_init
 .text.vector_handler
                0x00000000000082c6       0xbe ./Startup/startup_ch32v30x.o
                0x00000000000082ca                Ecall_M_Mode_Handler
                0x00000000000082cc                Ecall_U_Mode_Handler
                0x00000000000082ce                Break_Point_Handler
                0x00000000000082d4                WWDG_IRQHandler
                0x00000000000082d6                PVD_IRQHandler
                0x00000000000082d8                TAMPER_IRQHandler
                0x00000000000082da                RTC_IRQHandler
                0x00000000000082dc                FLASH_IRQHandler
                0x00000000000082de                RCC_IRQHandler
                0x00000000000082ec                DMA1_Channel2_IRQHandler
                0x00000000000082ee                DMA1_Channel3_IRQHandler
                0x00000000000082f0                DMA1_Channel4_IRQHandler
                0x00000000000082f2                DMA1_Channel5_IRQHandler
                0x00000000000082f4                DMA1_Channel6_IRQHandler
                0x00000000000082f6                DMA1_Channel7_IRQHandler
                0x00000000000082f8                ADC1_2_IRQHandler
                0x00000000000082fa                USB_HP_CAN1_TX_IRQHandler
                0x00000000000082fc                USB_LP_CAN1_RX0_IRQHandler
                0x00000000000082fe                CAN1_RX1_IRQHandler
                0x0000000000008300                CAN1_SCE_IRQHandler
                0x0000000000008304                TIM1_BRK_IRQHandler
                0x0000000000008306                TIM1_UP_IRQHandler
                0x0000000000008308                TIM1_TRG_COM_IRQHandler
                0x000000000000830a                TIM1_CC_IRQHandler
                0x000000000000830c                TIM2_IRQHandler
                0x000000000000830e                TIM3_IRQHandler
                0x0000000000008310                TIM4_IRQHandler
                0x0000000000008312                I2C1_EV_IRQHandler
                0x0000000000008314                I2C1_ER_IRQHandler
                0x0000000000008316                I2C2_EV_IRQHandler
                0x0000000000008318                I2C2_ER_IRQHandler
                0x000000000000831a                SPI1_IRQHandler
                0x000000000000831c                SPI2_IRQHandler
                0x0000000000008320                USART2_IRQHandler
                0x0000000000008322                USART3_IRQHandler
                0x0000000000008326                RTCAlarm_IRQHandler
                0x0000000000008328                USBWakeUp_IRQHandler
                0x000000000000832a                TIM8_BRK_IRQHandler
                0x000000000000832c                TIM8_UP_IRQHandler
                0x000000000000832e                TIM8_TRG_COM_IRQHandler
                0x0000000000008330                TIM8_CC_IRQHandler
                0x0000000000008332                RNG_IRQHandler
                0x0000000000008334                FSMC_IRQHandler
                0x0000000000008336                SDIO_IRQHandler
                0x0000000000008338                TIM5_IRQHandler
                0x000000000000833a                SPI3_IRQHandler
                0x000000000000833c                UART4_IRQHandler
                0x000000000000833e                UART5_IRQHandler
                0x0000000000008340                TIM6_IRQHandler
                0x0000000000008344                DMA2_Channel1_IRQHandler
                0x0000000000008346                DMA2_Channel2_IRQHandler
                0x0000000000008348                DMA2_Channel3_IRQHandler
                0x000000000000834a                DMA2_Channel4_IRQHandler
                0x000000000000834c                DMA2_Channel5_IRQHandler
                0x000000000000834e                ETH_IRQHandler
                0x0000000000008350                ETH_WKUP_IRQHandler
                0x0000000000008352                CAN2_TX_IRQHandler
                0x0000000000008354                CAN2_RX0_IRQHandler
                0x0000000000008356                CAN2_RX1_IRQHandler
                0x0000000000008358                CAN2_SCE_IRQHandler
                0x000000000000835a                OTG_FS_IRQHandler
                0x000000000000835c                USBHSWakeup_IRQHandler
                0x000000000000835e                USBHS_IRQHandler
                0x0000000000008360                DVP_IRQHandler
                0x0000000000008362                UART6_IRQHandler
                0x0000000000008364                UART7_IRQHandler
                0x0000000000008366                UART8_IRQHandler
                0x0000000000008368                TIM9_BRK_IRQHandler
                0x000000000000836a                TIM9_UP_IRQHandler
                0x000000000000836c                TIM9_TRG_COM_IRQHandler
                0x000000000000836e                TIM9_CC_IRQHandler
                0x0000000000008370                TIM10_BRK_IRQHandler
                0x0000000000008372                TIM10_UP_IRQHandler
                0x0000000000008374                TIM10_TRG_COM_IRQHandler
                0x0000000000008376                TIM10_CC_IRQHandler
                0x0000000000008378                DMA2_Channel6_IRQHandler
                0x000000000000837a                DMA2_Channel7_IRQHandler
                0x000000000000837c                DMA2_Channel8_IRQHandler
                0x000000000000837e                DMA2_Channel9_IRQHandler
                0x0000000000008380                DMA2_Channel10_IRQHandler
                0x0000000000008382                DMA2_Channel11_IRQHandler
 .text.handle_reset
                0x0000000000008384       0x92 ./Startup/startup_ch32v30x.o
                0x0000000000008384                handle_reset
 .text.ADC_DeInit
                0x0000000000008416       0x50 ./Peripheral/src/ch32v30x_adc.o
                0x0000000000008416                ADC_DeInit
 .text.ADC_Init
                0x0000000000008466       0x5c ./Peripheral/src/ch32v30x_adc.o
                0x0000000000008466                ADC_Init
 .text.ADC_Cmd  0x00000000000084c2       0x12 ./Peripheral/src/ch32v30x_adc.o
                0x00000000000084c2                ADC_Cmd
 .text.ADC_DMACmd
                0x00000000000084d4       0x14 ./Peripheral/src/ch32v30x_adc.o
                0x00000000000084d4                ADC_DMACmd
 .text.ADC_ResetCalibration
                0x00000000000084e8        0xa ./Peripheral/src/ch32v30x_adc.o
                0x00000000000084e8                ADC_ResetCalibration
 .text.ADC_GetResetCalibrationStatus
                0x00000000000084f2        0x8 ./Peripheral/src/ch32v30x_adc.o
                0x00000000000084f2                ADC_GetResetCalibrationStatus
 .text.ADC_StartCalibration
                0x00000000000084fa        0xa ./Peripheral/src/ch32v30x_adc.o
                0x00000000000084fa                ADC_StartCalibration
 .text.ADC_GetCalibrationStatus
                0x0000000000008504        0x8 ./Peripheral/src/ch32v30x_adc.o
                0x0000000000008504                ADC_GetCalibrationStatus
 .text.ADC_SoftwareStartConvCmd
                0x000000000000850c       0x1a ./Peripheral/src/ch32v30x_adc.o
                0x000000000000850c                ADC_SoftwareStartConvCmd
 .text.ADC_RegularChannelConfig
                0x0000000000008526       0xbe ./Peripheral/src/ch32v30x_adc.o
                0x0000000000008526                ADC_RegularChannelConfig
 .text.ADC_BufferCmd
                0x00000000000085e4       0x1a ./Peripheral/src/ch32v30x_adc.o
                0x00000000000085e4                ADC_BufferCmd
 .text.DBGMCU_GetCHIPID
                0x00000000000085fe        0xa ./Peripheral/src/ch32v30x_dbgmcu.o
                0x00000000000085fe                DBGMCU_GetCHIPID
 .text.DMA_DeInit
                0x0000000000008608      0x1b0 ./Peripheral/src/ch32v30x_dma.o
                0x0000000000008608                DMA_DeInit
 .text.DMA_Init
                0x00000000000087b8       0x40 ./Peripheral/src/ch32v30x_dma.o
                0x00000000000087b8                DMA_Init
 .text.DMA_Cmd  0x00000000000087f8       0x16 ./Peripheral/src/ch32v30x_dma.o
                0x00000000000087f8                DMA_Cmd
 .text.DMA_ITConfig
                0x000000000000880e       0x14 ./Peripheral/src/ch32v30x_dma.o
                0x000000000000880e                DMA_ITConfig
 .text.DMA_ClearFlag
                0x0000000000008822       0x2c ./Peripheral/src/ch32v30x_dma.o
                0x0000000000008822                DMA_ClearFlag
 .text.EXTI_Init
                0x000000000000884e       0x6e ./Peripheral/src/ch32v30x_exti.o
                0x000000000000884e                EXTI_Init
 .text.EXTI_ClearFlag
                0x00000000000088bc        0xa ./Peripheral/src/ch32v30x_exti.o
                0x00000000000088bc                EXTI_ClearFlag
 .text.EXTI_GetITStatus
                0x00000000000088c6       0x1e ./Peripheral/src/ch32v30x_exti.o
                0x00000000000088c6                EXTI_GetITStatus
 .text.EXTI_ClearITPendingBit
                0x00000000000088e4        0xa ./Peripheral/src/ch32v30x_exti.o
                0x00000000000088e4                EXTI_ClearITPendingBit
 .text.FLASH_Unlock
                0x00000000000088ee       0x1a ./Peripheral/src/ch32v30x_flash.o
                0x00000000000088ee                FLASH_Unlock
 .text.FLASH_Lock
                0x0000000000008908        0xe ./Peripheral/src/ch32v30x_flash.o
                0x0000000000008908                FLASH_Lock
 .text.FLASH_WaitForLastOperation
                0x0000000000008916       0x4c ./Peripheral/src/ch32v30x_flash.o
                0x0000000000008916                FLASH_WaitForLastOperation
 .text.FLASH_ProgramHalfWord
                0x0000000000008962       0x40 ./Peripheral/src/ch32v30x_flash.o
                0x0000000000008962                FLASH_ProgramHalfWord
 .text.FSMC_NORSRAMInit
                0x00000000000089a2       0xda ./Peripheral/src/ch32v30x_fsmc.o
                0x00000000000089a2                FSMC_NORSRAMInit
 .text.FSMC_NORSRAMCmd
                0x0000000000008a7c       0x20 ./Peripheral/src/ch32v30x_fsmc.o
                0x0000000000008a7c                FSMC_NORSRAMCmd
 .text.GPIO_Init
                0x0000000000008a9c       0xd4 ./Peripheral/src/ch32v30x_gpio.o
                0x0000000000008a9c                GPIO_Init
 .text.GPIO_ReadInputDataBit
                0x0000000000008b70        0xa ./Peripheral/src/ch32v30x_gpio.o
                0x0000000000008b70                GPIO_ReadInputDataBit
 .text.GPIO_SetBits
                0x0000000000008b7a        0x4 ./Peripheral/src/ch32v30x_gpio.o
                0x0000000000008b7a                GPIO_SetBits
 .text.GPIO_ResetBits
                0x0000000000008b7e        0x4 ./Peripheral/src/ch32v30x_gpio.o
                0x0000000000008b7e                GPIO_ResetBits
 .text.GPIO_WriteBit
                0x0000000000008b82        0xa ./Peripheral/src/ch32v30x_gpio.o
                0x0000000000008b82                GPIO_WriteBit
 .text.GPIO_EXTILineConfig
                0x0000000000008b8c       0x2a ./Peripheral/src/ch32v30x_gpio.o
                0x0000000000008b8c                GPIO_EXTILineConfig
 .text.NVIC_PriorityGroupConfig
                0x0000000000008bb6        0x6 ./Peripheral/src/ch32v30x_misc.o
                0x0000000000008bb6                NVIC_PriorityGroupConfig
 .text.NVIC_Init
                0x0000000000008bbc       0xe6 ./Peripheral/src/ch32v30x_misc.o
                0x0000000000008bbc                NVIC_Init
 .text.RCC_ADCCLKConfig
                0x0000000000008ca2       0x12 ./Peripheral/src/ch32v30x_rcc.o
                0x0000000000008ca2                RCC_ADCCLKConfig
 .text.RCC_GetClocksFreq
                0x0000000000008cb4      0x194 ./Peripheral/src/ch32v30x_rcc.o
                0x0000000000008cb4                RCC_GetClocksFreq
 .text.RCC_AHBPeriphClockCmd
                0x0000000000008e48       0x1e ./Peripheral/src/ch32v30x_rcc.o
                0x0000000000008e48                RCC_AHBPeriphClockCmd
 .text.RCC_APB2PeriphClockCmd
                0x0000000000008e66       0x1e ./Peripheral/src/ch32v30x_rcc.o
                0x0000000000008e66                RCC_APB2PeriphClockCmd
 .text.RCC_APB1PeriphClockCmd
                0x0000000000008e84       0x1e ./Peripheral/src/ch32v30x_rcc.o
                0x0000000000008e84                RCC_APB1PeriphClockCmd
 .text.RCC_APB2PeriphResetCmd
                0x0000000000008ea2       0x1e ./Peripheral/src/ch32v30x_rcc.o
                0x0000000000008ea2                RCC_APB2PeriphResetCmd
 .text.RNG_Cmd  0x0000000000008ec0       0x1c ./Peripheral/src/ch32v30x_rng.o
                0x0000000000008ec0                RNG_Cmd
 .text.TIM_TimeBaseInit
                0x0000000000008edc       0xd6 ./Peripheral/src/ch32v30x_tim.o
                0x0000000000008edc                TIM_TimeBaseInit
 .text.TIM_Cmd  0x0000000000008fb2       0x20 ./Peripheral/src/ch32v30x_tim.o
                0x0000000000008fb2                TIM_Cmd
 .text.TIM_ITConfig
                0x0000000000008fd2       0x1a ./Peripheral/src/ch32v30x_tim.o
                0x0000000000008fd2                TIM_ITConfig
 .text.TIM_ARRPreloadConfig
                0x0000000000008fec       0x22 ./Peripheral/src/ch32v30x_tim.o
                0x0000000000008fec                TIM_ARRPreloadConfig
 .text.TIM_ClearFlag
                0x000000000000900e        0xe ./Peripheral/src/ch32v30x_tim.o
                0x000000000000900e                TIM_ClearFlag
 .text.USART_Init
                0x000000000000901c      0x102 ./Peripheral/src/ch32v30x_usart.o
                0x000000000000901c                USART_Init
 .text.USART_Cmd
                0x000000000000911e       0x20 ./Peripheral/src/ch32v30x_usart.o
                0x000000000000911e                USART_Cmd
 .text.USART_ITConfig
                0x000000000000913e       0x3c ./Peripheral/src/ch32v30x_usart.o
                0x000000000000913e                USART_ITConfig
 .text.USART_SendData
                0x000000000000917a        0xa ./Peripheral/src/ch32v30x_usart.o
                0x000000000000917a                USART_SendData
 .text.USART_GetFlagStatus
                0x0000000000009184        0xc ./Peripheral/src/ch32v30x_usart.o
                0x0000000000009184                USART_GetFlagStatus
 .text.USART_GetITStatus
                0x0000000000009190       0x48 ./Peripheral/src/ch32v30x_usart.o
                0x0000000000009190                USART_GetITStatus
 .text.USART_ClearITPendingBit
                0x00000000000091d8       0x16 ./Peripheral/src/ch32v30x_usart.o
                0x00000000000091d8                USART_ClearITPendingBit
 .text.Delay_Init
                0x00000000000091ee       0x26 ./Debug/debug.o
                0x00000000000091ee                Delay_Init
 .text.Delay_Ms
                0x0000000000009214       0x3a ./Debug/debug.o
                0x0000000000009214                Delay_Ms
 .text._write   0x000000000000924e       0x3e ./Debug/debug.o
                0x000000000000924e                _write
 .text._sbrk    0x000000000000928c       0x2c ./Debug/debug.o
                0x000000000000928c                _sbrk
 .text.__adddf3
                0x00000000000092b8      0x730 /home/jixiang/app/MounRiver_Studio_Community_Linux_x64_V150/MRS_Community/toolchain/RISC-V Embedded GCC/bin/../lib/gcc/riscv-none-embed/8.2.0/rv32imac/ilp32/libgcc.a(adddf3.o)
                0x00000000000092b8                __adddf3
 .text.__gedf2  0x00000000000099e8       0xae /home/jixiang/app/MounRiver_Studio_Community_Linux_x64_V150/MRS_Community/toolchain/RISC-V Embedded GCC/bin/../lib/gcc/riscv-none-embed/8.2.0/rv32imac/ilp32/libgcc.a(gedf2.o)
                0x00000000000099e8                __gtdf2
                0x00000000000099e8                __gedf2
 .text.__ledf2  0x0000000000009a96       0xb6 /home/jixiang/app/MounRiver_Studio_Community_Linux_x64_V150/MRS_Community/toolchain/RISC-V Embedded GCC/bin/../lib/gcc/riscv-none-embed/8.2.0/rv32imac/ilp32/libgcc.a(ledf2.o)
                0x0000000000009a96                __ltdf2
                0x0000000000009a96                __ledf2
 .text.__subdf3
                0x0000000000009b4c      0x73e /home/jixiang/app/MounRiver_Studio_Community_Linux_x64_V150/MRS_Community/toolchain/RISC-V Embedded GCC/bin/../lib/gcc/riscv-none-embed/8.2.0/rv32imac/ilp32/libgcc.a(subdf3.o)
                0x0000000000009b4c                __subdf3
 .text.__addsf3
                0x000000000000a28a      0x36a /home/jixiang/app/MounRiver_Studio_Community_Linux_x64_V150/MRS_Community/toolchain/RISC-V Embedded GCC/bin/../lib/gcc/riscv-none-embed/8.2.0/rv32imac/ilp32/libgcc.a(addsf3.o)
                0x000000000000a28a                __addsf3
 .text.__divsf3
                0x000000000000a5f4      0x2b2 /home/jixiang/app/MounRiver_Studio_Community_Linux_x64_V150/MRS_Community/toolchain/RISC-V Embedded GCC/bin/../lib/gcc/riscv-none-embed/8.2.0/rv32imac/ilp32/libgcc.a(divsf3.o)
                0x000000000000a5f4                __divsf3
 .text.__gesf2  0x000000000000a8a6       0x86 /home/jixiang/app/MounRiver_Studio_Community_Linux_x64_V150/MRS_Community/toolchain/RISC-V Embedded GCC/bin/../lib/gcc/riscv-none-embed/8.2.0/rv32imac/ilp32/libgcc.a(gesf2.o)
                0x000000000000a8a6                __gtsf2
                0x000000000000a8a6                __gesf2
 .text.__mulsf3
                0x000000000000a92c      0x294 /home/jixiang/app/MounRiver_Studio_Community_Linux_x64_V150/MRS_Community/toolchain/RISC-V Embedded GCC/bin/../lib/gcc/riscv-none-embed/8.2.0/rv32imac/ilp32/libgcc.a(mulsf3.o)
                0x000000000000a92c                __mulsf3
 .text.__subsf3
                0x000000000000abc0      0x388 /home/jixiang/app/MounRiver_Studio_Community_Linux_x64_V150/MRS_Community/toolchain/RISC-V Embedded GCC/bin/../lib/gcc/riscv-none-embed/8.2.0/rv32imac/ilp32/libgcc.a(subsf3.o)
                0x000000000000abc0                __subsf3
 .text.__fixunssfsi
                0x000000000000af48       0x56 /home/jixiang/app/MounRiver_Studio_Community_Linux_x64_V150/MRS_Community/toolchain/RISC-V Embedded GCC/bin/../lib/gcc/riscv-none-embed/8.2.0/rv32imac/ilp32/libgcc.a(fixunssfsi.o)
                0x000000000000af48                __fixunssfsi
 .text.__floatunsisf
                0x000000000000af9e       0xce /home/jixiang/app/MounRiver_Studio_Community_Linux_x64_V150/MRS_Community/toolchain/RISC-V Embedded GCC/bin/../lib/gcc/riscv-none-embed/8.2.0/rv32imac/ilp32/libgcc.a(floatunsisf.o)
                0x000000000000af9e                __floatunsisf
 .text.__extendsfdf2
                0x000000000000b06c       0xac /home/jixiang/app/MounRiver_Studio_Community_Linux_x64_V150/MRS_Community/toolchain/RISC-V Embedded GCC/bin/../lib/gcc/riscv-none-embed/8.2.0/rv32imac/ilp32/libgcc.a(extendsfdf2.o)
                0x000000000000b06c                __extendsfdf2
 .text.__truncdfsf2
                0x000000000000b118      0x16a /home/jixiang/app/MounRiver_Studio_Community_Linux_x64_V150/MRS_Community/toolchain/RISC-V Embedded GCC/bin/../lib/gcc/riscv-none-embed/8.2.0/rv32imac/ilp32/libgcc.a(truncdfsf2.o)
                0x000000000000b118                __truncdfsf2
 .text.__clzsi2
                0x000000000000b282       0x76 /home/jixiang/app/MounRiver_Studio_Community_Linux_x64_V150/MRS_Community/toolchain/RISC-V Embedded GCC/bin/../lib/gcc/riscv-none-embed/8.2.0/rv32imac/ilp32/libgcc.a(_clzsi2.o)
                0x000000000000b282                __clzsi2
 .text.malloc   0x000000000000b2f8        0xa /home/jixiang/app/MounRiver_Studio_Community_Linux_x64_V150/MRS_Community/toolchain/RISC-V Embedded GCC/bin/../lib/gcc/riscv-none-embed/8.2.0/../../../../riscv-none-embed/lib/rv32imac/ilp32/libg_nano.a(lib_a-malloc.o)
                0x000000000000b2f8                malloc
 .text.memcmp   0x000000000000b302       0x26 /home/jixiang/app/MounRiver_Studio_Community_Linux_x64_V150/MRS_Community/toolchain/RISC-V Embedded GCC/bin/../lib/gcc/riscv-none-embed/8.2.0/../../../../riscv-none-embed/lib/rv32imac/ilp32/libg_nano.a(lib_a-memcmp.o)
                0x000000000000b302                memcmp
 .text.memcpy   0x000000000000b328       0xb6 /home/jixiang/app/MounRiver_Studio_Community_Linux_x64_V150/MRS_Community/toolchain/RISC-V Embedded GCC/bin/../lib/gcc/riscv-none-embed/8.2.0/../../../../riscv-none-embed/lib/rv32imac/ilp32/libg_nano.a(lib_a-memcpy.o)
                0x000000000000b328                memcpy
 .text._free_r  0x000000000000b3de       0xa4 /home/jixiang/app/MounRiver_Studio_Community_Linux_x64_V150/MRS_Community/toolchain/RISC-V Embedded GCC/bin/../lib/gcc/riscv-none-embed/8.2.0/../../../../riscv-none-embed/lib/rv32imac/ilp32/libg_nano.a(lib_a-nano-freer.o)
                0x000000000000b3de                _free_r
 .text._malloc_r
                0x000000000000b482       0xce /home/jixiang/app/MounRiver_Studio_Community_Linux_x64_V150/MRS_Community/toolchain/RISC-V Embedded GCC/bin/../lib/gcc/riscv-none-embed/8.2.0/../../../../riscv-none-embed/lib/rv32imac/ilp32/libg_nano.a(lib_a-nano-mallocr.o)
                0x000000000000b482                _malloc_r
 .text.printf   0x000000000000b550       0x3e /home/jixiang/app/MounRiver_Studio_Community_Linux_x64_V150/MRS_Community/toolchain/RISC-V Embedded GCC/bin/../lib/gcc/riscv-none-embed/8.2.0/../../../../riscv-none-embed/lib/rv32imac/ilp32/libg_nano.a(lib_a-printf.o)
                0x000000000000b550                printf
                0x000000000000b550                iprintf
 .text._sbrk_r  0x000000000000b58e       0x32 /home/jixiang/app/MounRiver_Studio_Community_Linux_x64_V150/MRS_Community/toolchain/RISC-V Embedded GCC/bin/../lib/gcc/riscv-none-embed/8.2.0/../../../../riscv-none-embed/lib/rv32imac/ilp32/libg_nano.a(lib_a-sbrkr.o)
                0x000000000000b58e                _sbrk_r
 .text.strlen   0x000000000000b5c0       0x12 /home/jixiang/app/MounRiver_Studio_Community_Linux_x64_V150/MRS_Community/toolchain/RISC-V Embedded GCC/bin/../lib/gcc/riscv-none-embed/8.2.0/../../../../riscv-none-embed/lib/rv32imac/ilp32/libg_nano.a(lib_a-strlen.o)
                0x000000000000b5c0                strlen
 .text.strncmp  0x000000000000b5d2       0x2c /home/jixiang/app/MounRiver_Studio_Community_Linux_x64_V150/MRS_Community/toolchain/RISC-V Embedded GCC/bin/../lib/gcc/riscv-none-embed/8.2.0/../../../../riscv-none-embed/lib/rv32imac/ilp32/libg_nano.a(lib_a-strncmp.o)
                0x000000000000b5d2                strncmp
 .text._vsnprintf_r
                0x000000000000b5fe       0x5e /home/jixiang/app/MounRiver_Studio_Community_Linux_x64_V150/MRS_Community/toolchain/RISC-V Embedded GCC/bin/../lib/gcc/riscv-none-embed/8.2.0/../../../../riscv-none-embed/lib/rv32imac/ilp32/libg_nano.a(lib_a-vsnprintf.o)
                0x000000000000b5fe                _vsnprintf_r
                0x000000000000b5fe                _vsniprintf_r
 .text.vsnprintf
                0x000000000000b65c       0x12 /home/jixiang/app/MounRiver_Studio_Community_Linux_x64_V150/MRS_Community/toolchain/RISC-V Embedded GCC/bin/../lib/gcc/riscv-none-embed/8.2.0/../../../../riscv-none-embed/lib/rv32imac/ilp32/libg_nano.a(lib_a-vsnprintf.o)
                0x000000000000b65c                vsnprintf
                0x000000000000b65c                vsniprintf
 .text.std      0x000000000000b66e       0x6a /home/jixiang/app/MounRiver_Studio_Community_Linux_x64_V150/MRS_Community/toolchain/RISC-V Embedded GCC/bin/../lib/gcc/riscv-none-embed/8.2.0/../../../../riscv-none-embed/lib/rv32imac/ilp32/libg_nano.a(lib_a-findfp.o)
 .text._cleanup_r
                0x000000000000b6d8        0xa /home/jixiang/app/MounRiver_Studio_Community_Linux_x64_V150/MRS_Community/toolchain/RISC-V Embedded GCC/bin/../lib/gcc/riscv-none-embed/8.2.0/../../../../riscv-none-embed/lib/rv32imac/ilp32/libg_nano.a(lib_a-findfp.o)
                0x000000000000b6d8                _cleanup_r
 .text.__sfmoreglue
                0x000000000000b6e2       0x48 /home/jixiang/app/MounRiver_Studio_Community_Linux_x64_V150/MRS_Community/toolchain/RISC-V Embedded GCC/bin/../lib/gcc/riscv-none-embed/8.2.0/../../../../riscv-none-embed/lib/rv32imac/ilp32/libg_nano.a(lib_a-findfp.o)
                0x000000000000b6e2                __sfmoreglue
 .text.__sinit  0x000000000000b72a       0x6c /home/jixiang/app/MounRiver_Studio_Community_Linux_x64_V150/MRS_Community/toolchain/RISC-V Embedded GCC/bin/../lib/gcc/riscv-none-embed/8.2.0/../../../../riscv-none-embed/lib/rv32imac/ilp32/libg_nano.a(lib_a-findfp.o)
                0x000000000000b72a                __sinit
 .text.__sfp    0x000000000000b796       0xa0 /home/jixiang/app/MounRiver_Studio_Community_Linux_x64_V150/MRS_Community/toolchain/RISC-V Embedded GCC/bin/../lib/gcc/riscv-none-embed/8.2.0/../../../../riscv-none-embed/lib/rv32imac/ilp32/libg_nano.a(lib_a-findfp.o)
                0x000000000000b796                __sfp
 .text._fwalk_reent
                0x000000000000b836       0x6c /home/jixiang/app/MounRiver_Studio_Community_Linux_x64_V150/MRS_Community/toolchain/RISC-V Embedded GCC/bin/../lib/gcc/riscv-none-embed/8.2.0/../../../../riscv-none-embed/lib/rv32imac/ilp32/libg_nano.a(lib_a-fwalk.o)
                0x000000000000b836                _fwalk_reent
 .text.__malloc_lock
                0x000000000000b8a2        0x2 /home/jixiang/app/MounRiver_Studio_Community_Linux_x64_V150/MRS_Community/toolchain/RISC-V Embedded GCC/bin/../lib/gcc/riscv-none-embed/8.2.0/../../../../riscv-none-embed/lib/rv32imac/ilp32/libg_nano.a(lib_a-mlock.o)
                0x000000000000b8a2                __malloc_lock
 .text.__malloc_unlock
                0x000000000000b8a4        0x2 /home/jixiang/app/MounRiver_Studio_Community_Linux_x64_V150/MRS_Community/toolchain/RISC-V Embedded GCC/bin/../lib/gcc/riscv-none-embed/8.2.0/../../../../riscv-none-embed/lib/rv32imac/ilp32/libg_nano.a(lib_a-mlock.o)
                0x000000000000b8a4                __malloc_unlock
 .text.__ssputs_r
                0x000000000000b8a6       0xee /home/jixiang/app/MounRiver_Studio_Community_Linux_x64_V150/MRS_Community/toolchain/RISC-V Embedded GCC/bin/../lib/gcc/riscv-none-embed/8.2.0/../../../../riscv-none-embed/lib/rv32imac/ilp32/libg_nano.a(lib_a-nano-svfprintf.o)
                0x000000000000b8a6                __ssputs_r
 .text._svfprintf_r
                0x000000000000b994      0x280 /home/jixiang/app/MounRiver_Studio_Community_Linux_x64_V150/MRS_Community/toolchain/RISC-V Embedded GCC/bin/../lib/gcc/riscv-none-embed/8.2.0/../../../../riscv-none-embed/lib/rv32imac/ilp32/libg_nano.a(lib_a-nano-svfprintf.o)
                0x000000000000b994                _svfprintf_r
                0x000000000000b994                _svfiprintf_r
 .text.__sfputc_r
                0x000000000000bc14       0x28 /home/jixiang/app/MounRiver_Studio_Community_Linux_x64_V150/MRS_Community/toolchain/RISC-V Embedded GCC/bin/../lib/gcc/riscv-none-embed/8.2.0/../../../../riscv-none-embed/lib/rv32imac/ilp32/libg_nano.a(lib_a-nano-vfprintf.o)
 .text.__sfputs_r
                0x000000000000bc3c       0x44 /home/jixiang/app/MounRiver_Studio_Community_Linux_x64_V150/MRS_Community/toolchain/RISC-V Embedded GCC/bin/../lib/gcc/riscv-none-embed/8.2.0/../../../../riscv-none-embed/lib/rv32imac/ilp32/libg_nano.a(lib_a-nano-vfprintf.o)
                0x000000000000bc3c                __sfputs_r
 .text._vfprintf_r
                0x000000000000bc80      0x2a0 /home/jixiang/app/MounRiver_Studio_Community_Linux_x64_V150/MRS_Community/toolchain/RISC-V Embedded GCC/bin/../lib/gcc/riscv-none-embed/8.2.0/../../../../riscv-none-embed/lib/rv32imac/ilp32/libg_nano.a(lib_a-nano-vfprintf.o)
                0x000000000000bc80                _vfiprintf_r
                0x000000000000bc80                _vfprintf_r
 .text._printf_common
                0x000000000000bf20      0x10c /home/jixiang/app/MounRiver_Studio_Community_Linux_x64_V150/MRS_Community/toolchain/RISC-V Embedded GCC/bin/../lib/gcc/riscv-none-embed/8.2.0/../../../../riscv-none-embed/lib/rv32imac/ilp32/libg_nano.a(lib_a-nano-vfprintf_i.o)
                0x000000000000bf20                _printf_common
 .text._printf_i
                0x000000000000c02c      0x2ac /home/jixiang/app/MounRiver_Studio_Community_Linux_x64_V150/MRS_Community/toolchain/RISC-V Embedded GCC/bin/../lib/gcc/riscv-none-embed/8.2.0/../../../../riscv-none-embed/lib/rv32imac/ilp32/libg_nano.a(lib_a-nano-vfprintf_i.o)
                0x000000000000c02c                _printf_i
 .text.__sread  0x000000000000c2d8       0x30 /home/jixiang/app/MounRiver_Studio_Community_Linux_x64_V150/MRS_Community/toolchain/RISC-V Embedded GCC/bin/../lib/gcc/riscv-none-embed/8.2.0/../../../../riscv-none-embed/lib/rv32imac/ilp32/libg_nano.a(lib_a-stdio.o)
                0x000000000000c2d8                __sread
 .text.__swrite
                0x000000000000c308       0x4e /home/jixiang/app/MounRiver_Studio_Community_Linux_x64_V150/MRS_Community/toolchain/RISC-V Embedded GCC/bin/../lib/gcc/riscv-none-embed/8.2.0/../../../../riscv-none-embed/lib/rv32imac/ilp32/libg_nano.a(lib_a-stdio.o)
                0x000000000000c308                __swrite
 .text.__sseek  0x000000000000c356       0x36 /home/jixiang/app/MounRiver_Studio_Community_Linux_x64_V150/MRS_Community/toolchain/RISC-V Embedded GCC/bin/../lib/gcc/riscv-none-embed/8.2.0/../../../../riscv-none-embed/lib/rv32imac/ilp32/libg_nano.a(lib_a-stdio.o)
                0x000000000000c356                __sseek
 .text.__sclose
                0x000000000000c38c        0x6 /home/jixiang/app/MounRiver_Studio_Community_Linux_x64_V150/MRS_Community/toolchain/RISC-V Embedded GCC/bin/../lib/gcc/riscv-none-embed/8.2.0/../../../../riscv-none-embed/lib/rv32imac/ilp32/libg_nano.a(lib_a-stdio.o)
                0x000000000000c38c                __sclose
 .text.__swbuf_r
                0x000000000000c392       0xc2 /home/jixiang/app/MounRiver_Studio_Community_Linux_x64_V150/MRS_Community/toolchain/RISC-V Embedded GCC/bin/../lib/gcc/riscv-none-embed/8.2.0/../../../../riscv-none-embed/lib/rv32imac/ilp32/libg_nano.a(lib_a-wbuf.o)
                0x000000000000c392                __swbuf_r
 .text._write_r
                0x000000000000c454       0x36 /home/jixiang/app/MounRiver_Studio_Community_Linux_x64_V150/MRS_Community/toolchain/RISC-V Embedded GCC/bin/../lib/gcc/riscv-none-embed/8.2.0/../../../../riscv-none-embed/lib/rv32imac/ilp32/libg_nano.a(lib_a-writer.o)
                0x000000000000c454                _write_r
 .text.__swsetup_r
                0x000000000000c48a      0x110 /home/jixiang/app/MounRiver_Studio_Community_Linux_x64_V150/MRS_Community/toolchain/RISC-V Embedded GCC/bin/../lib/gcc/riscv-none-embed/8.2.0/../../../../riscv-none-embed/lib/rv32imac/ilp32/libg_nano.a(lib_a-wsetup.o)
                0x000000000000c48a                __swsetup_r
 .text._close_r
                0x000000000000c59a       0x30 /home/jixiang/app/MounRiver_Studio_Community_Linux_x64_V150/MRS_Community/toolchain/RISC-V Embedded GCC/bin/../lib/gcc/riscv-none-embed/8.2.0/../../../../riscv-none-embed/lib/rv32imac/ilp32/libg_nano.a(lib_a-closer.o)
                0x000000000000c59a                _close_r
 .text.__sflush_r
                0x000000000000c5ca      0x13e /home/jixiang/app/MounRiver_Studio_Community_Linux_x64_V150/MRS_Community/toolchain/RISC-V Embedded GCC/bin/../lib/gcc/riscv-none-embed/8.2.0/../../../../riscv-none-embed/lib/rv32imac/ilp32/libg_nano.a(lib_a-fflush.o)
                0x000000000000c5ca                __sflush_r
 .text._fflush_r
                0x000000000000c708       0x68 /home/jixiang/app/MounRiver_Studio_Community_Linux_x64_V150/MRS_Community/toolchain/RISC-V Embedded GCC/bin/../lib/gcc/riscv-none-embed/8.2.0/../../../../riscv-none-embed/lib/rv32imac/ilp32/libg_nano.a(lib_a-fflush.o)
                0x000000000000c708                _fflush_r
 .text._lseek_r
                0x000000000000c770       0x34 /home/jixiang/app/MounRiver_Studio_Community_Linux_x64_V150/MRS_Community/toolchain/RISC-V Embedded GCC/bin/../lib/gcc/riscv-none-embed/8.2.0/../../../../riscv-none-embed/lib/rv32imac/ilp32/libg_nano.a(lib_a-lseekr.o)
                0x000000000000c770                _lseek_r
 .text.__swhatbuf_r
                0x000000000000c7a4       0x58 /home/jixiang/app/MounRiver_Studio_Community_Linux_x64_V150/MRS_Community/toolchain/RISC-V Embedded GCC/bin/../lib/gcc/riscv-none-embed/8.2.0/../../../../riscv-none-embed/lib/rv32imac/ilp32/libg_nano.a(lib_a-makebuf.o)
                0x000000000000c7a4                __swhatbuf_r
 .text.__smakebuf_r
                0x000000000000c7fc       0xa0 /home/jixiang/app/MounRiver_Studio_Community_Linux_x64_V150/MRS_Community/toolchain/RISC-V Embedded GCC/bin/../lib/gcc/riscv-none-embed/8.2.0/../../../../riscv-none-embed/lib/rv32imac/ilp32/libg_nano.a(lib_a-makebuf.o)
                0x000000000000c7fc                __smakebuf_r
 .text.memchr   0x000000000000c89c       0x1a /home/jixiang/app/MounRiver_Studio_Community_Linux_x64_V150/MRS_Community/toolchain/RISC-V Embedded GCC/bin/../lib/gcc/riscv-none-embed/8.2.0/../../../../riscv-none-embed/lib/rv32imac/ilp32/libg_nano.a(lib_a-memchr.o)
                0x000000000000c89c                memchr
 .text.memmove  0x000000000000c8b6       0x4a /home/jixiang/app/MounRiver_Studio_Community_Linux_x64_V150/MRS_Community/toolchain/RISC-V Embedded GCC/bin/../lib/gcc/riscv-none-embed/8.2.0/../../../../riscv-none-embed/lib/rv32imac/ilp32/libg_nano.a(lib_a-memmove.o)
                0x000000000000c8b6                memmove
 .text._realloc_r
                0x000000000000c900       0x58 /home/jixiang/app/MounRiver_Studio_Community_Linux_x64_V150/MRS_Community/toolchain/RISC-V Embedded GCC/bin/../lib/gcc/riscv-none-embed/8.2.0/../../../../riscv-none-embed/lib/rv32imac/ilp32/libg_nano.a(lib_a-nano-reallocr.o)
                0x000000000000c900                _realloc_r
 .text._read_r  0x000000000000c958       0x34 /home/jixiang/app/MounRiver_Studio_Community_Linux_x64_V150/MRS_Community/toolchain/RISC-V Embedded GCC/bin/../lib/gcc/riscv-none-embed/8.2.0/../../../../riscv-none-embed/lib/rv32imac/ilp32/libg_nano.a(lib_a-readr.o)
                0x000000000000c958                _read_r
 .text._fstat_r
                0x000000000000c98c       0x32 /home/jixiang/app/MounRiver_Studio_Community_Linux_x64_V150/MRS_Community/toolchain/RISC-V Embedded GCC/bin/../lib/gcc/riscv-none-embed/8.2.0/../../../../riscv-none-embed/lib/rv32imac/ilp32/libg_nano.a(lib_a-fstatr.o)
                0x000000000000c98c                _fstat_r
 .text._isatty_r
                0x000000000000c9be       0x30 /home/jixiang/app/MounRiver_Studio_Community_Linux_x64_V150/MRS_Community/toolchain/RISC-V Embedded GCC/bin/../lib/gcc/riscv-none-embed/8.2.0/../../../../riscv-none-embed/lib/rv32imac/ilp32/libg_nano.a(lib_a-isattyr.o)
                0x000000000000c9be                _isatty_r
 .text._malloc_usable_size_r
                0x000000000000c9ee       0x14 /home/jixiang/app/MounRiver_Studio_Community_Linux_x64_V150/MRS_Community/toolchain/RISC-V Embedded GCC/bin/../lib/gcc/riscv-none-embed/8.2.0/../../../../riscv-none-embed/lib/rv32imac/ilp32/libg_nano.a(lib_a-nano-msizer.o)
                0x000000000000c9ee                _malloc_usable_size_r
 .text._close   0x000000000000ca02       0x10 /home/jixiang/app/MounRiver_Studio_Community_Linux_x64_V150/MRS_Community/toolchain/RISC-V Embedded GCC/bin/../lib/gcc/riscv-none-embed/8.2.0/../../../../riscv-none-embed/lib/rv32imac/ilp32/libnosys.a(close.o)
                0x000000000000ca02                _close
 .text._fstat   0x000000000000ca12       0x10 /home/jixiang/app/MounRiver_Studio_Community_Linux_x64_V150/MRS_Community/toolchain/RISC-V Embedded GCC/bin/../lib/gcc/riscv-none-embed/8.2.0/../../../../riscv-none-embed/lib/rv32imac/ilp32/libnosys.a(fstat.o)
                0x000000000000ca12                _fstat
 .text._isatty  0x000000000000ca22       0x10 /home/jixiang/app/MounRiver_Studio_Community_Linux_x64_V150/MRS_Community/toolchain/RISC-V Embedded GCC/bin/../lib/gcc/riscv-none-embed/8.2.0/../../../../riscv-none-embed/lib/rv32imac/ilp32/libnosys.a(isatty.o)
                0x000000000000ca22                _isatty
 .text._lseek   0x000000000000ca32       0x10 /home/jixiang/app/MounRiver_Studio_Community_Linux_x64_V150/MRS_Community/toolchain/RISC-V Embedded GCC/bin/../lib/gcc/riscv-none-embed/8.2.0/../../../../riscv-none-embed/lib/rv32imac/ilp32/libnosys.a(lseek.o)
                0x000000000000ca32                _lseek
 .text._read    0x000000000000ca42       0x10 /home/jixiang/app/MounRiver_Studio_Community_Linux_x64_V150/MRS_Community/toolchain/RISC-V Embedded GCC/bin/../lib/gcc/riscv-none-embed/8.2.0/../../../../riscv-none-embed/lib/rv32imac/ilp32/libnosys.a(read.o)
                0x000000000000ca42                _read
 *(.rodata)
 *fill*         0x000000000000ca52        0x2 
 .rodata        0x000000000000ca54       0x50 ./rtthread/components/finsh/cmd.o
 *(.rodata*)
 .rodata.rt_application_init.str1.4
                0x000000000000caa4        0x5 ./rtthread/src/components.o
 *fill*         0x000000000000caa9        0x3 
 .rodata.rt_device_init.str1.4
                0x000000000000caac       0x36 ./rtthread/src/device.o
 *fill*         0x000000000000cae2        0x2 
 .rodata.rt_thread_idle_init.str1.4
                0x000000000000cae4        0x6 ./rtthread/src/idle.o
 *fill*         0x000000000000caea        0x2 
 .rodata.rt_vsnprintf
                0x000000000000caec      0x150 ./rtthread/src/kservice.o
 .rodata.__lowest_bit_bitmap
                0x000000000000cc3c      0x100 ./rtthread/src/kservice.o
                0x000000000000cc3c                __lowest_bit_bitmap
 .rodata.large_digits.2583
                0x000000000000cd3c       0x11 ./rtthread/src/kservice.o
 *fill*         0x000000000000cd4d        0x3 
 .rodata.rt_show_version.str1.4
                0x000000000000cd50       0x86 ./rtthread/src/kservice.o
 *fill*         0x000000000000cdd6        0x2 
 .rodata.rt_vsnprintf.str1.4
                0x000000000000cdd8        0x7 ./rtthread/src/kservice.o
 *fill*         0x000000000000cddf        0x1 
 .rodata.small_digits.2582
                0x000000000000cde0       0x11 ./rtthread/src/kservice.o
 *fill*         0x000000000000cdf1        0x3 
 .rodata.list_mem.str1.4
                0x000000000000cdf4       0x46 ./rtthread/src/mem.o
 *fill*         0x000000000000ce3a        0x2 
 .rodata.name   0x000000000000ce3c       0x29 ./rtthread/src/mem.o
                0x000000000000ce3c                __fsym_list_mem_desc
                0x000000000000ce5c                __fsym_list_mem_name
 *fill*         0x000000000000ce65        0x3 
 .rodata.rt_free.str1.4
                0x000000000000ce68       0x4c ./rtthread/src/mem.o
 .rodata.rt_system_heap_init.str1.4
                0x000000000000ceb4       0x42 ./rtthread/src/mem.o
 *fill*         0x000000000000cef6        0x2 
 .rodata.clear.str1.4
                0x000000000000cef8        0x8 ./rtthread/components/finsh/cmd.o
 .rodata.list.str1.4
                0x000000000000cf00       0x25 ./rtthread/components/finsh/cmd.o
 *fill*         0x000000000000cf25        0x3 
 .rodata.list_device.str1.4
                0x000000000000cf28       0x67 ./rtthread/components/finsh/cmd.o
 *fill*         0x000000000000cf8f        0x1 
 .rodata.list_event.str1.4
                0x000000000000cf90       0x76 ./rtthread/components/finsh/cmd.o
 *fill*         0x000000000000d006        0x2 
 .rodata.list_mailbox.str1.4
                0x000000000000d008       0x76 ./rtthread/components/finsh/cmd.o
 *fill*         0x000000000000d07e        0x2 
 .rodata.list_msgqueue.str1.4
                0x000000000000d080       0x65 ./rtthread/components/finsh/cmd.o
 *fill*         0x000000000000d0e5        0x3 
 .rodata.list_mutex.str1.4
                0x000000000000d0e8       0x5b ./rtthread/components/finsh/cmd.o
                                         0x63 (size before relaxing)
 *fill*         0x000000000000d143        0x1 
 .rodata.list_sem.str1.4
                0x000000000000d144       0x60 ./rtthread/components/finsh/cmd.o
                                         0x64 (size before relaxing)
 .rodata.list_thread.str1.4
                0x000000000000d1a4       0xf4 ./rtthread/components/finsh/cmd.o
 .rodata.list_timer.str1.4
                0x000000000000d298       0x9d ./rtthread/components/finsh/cmd.o
 *fill*         0x000000000000d335        0x3 
 .rodata.name   0x000000000000d338      0x323 ./rtthread/components/finsh/cmd.o
                0x000000000000d338                __fsym_list_desc
                0x000000000000d354                __fsym_list_name
                0x000000000000d35c                __fsym___cmd_list_device_desc
                0x000000000000d374                __fsym___cmd_list_device_name
                0x000000000000d388                __fsym_list_device_desc
                0x000000000000d3a0                __fsym_list_device_name
                0x000000000000d3ac                __fsym___cmd_list_timer_desc
                0x000000000000d3c4                __fsym___cmd_list_timer_name
                0x000000000000d3d8                __fsym_list_timer_desc
                0x000000000000d3f0                __fsym_list_timer_name
                0x000000000000d3fc                __fsym___cmd_list_msgqueue_desc
                0x000000000000d41c                __fsym___cmd_list_msgqueue_name
                0x000000000000d430                __fsym_list_msgqueue_desc
                0x000000000000d450                __fsym_list_msgqueue_name
                0x000000000000d460                __fsym___cmd_list_mailbox_desc
                0x000000000000d478                __fsym___cmd_list_mailbox_name
                0x000000000000d48c                __fsym_list_mailbox_desc
                0x000000000000d4a4                __fsym_list_mailbox_name
                0x000000000000d4b4                __fsym___cmd_list_mutex_desc
                0x000000000000d4cc                __fsym___cmd_list_mutex_name
                0x000000000000d4e0                __fsym_list_mutex_desc
                0x000000000000d4f8                __fsym_list_mutex_name
                0x000000000000d504                __fsym___cmd_list_event_desc
                0x000000000000d51c                __fsym___cmd_list_event_name
                0x000000000000d530                __fsym_list_event_desc
                0x000000000000d548                __fsym_list_event_name
                0x000000000000d554                __fsym___cmd_list_sem_desc
                0x000000000000d570                __fsym___cmd_list_sem_name
                0x000000000000d580                __fsym_list_sem_desc
                0x000000000000d59c                __fsym_list_sem_name
                0x000000000000d5a8                __fsym___cmd_list_thread_desc
                0x000000000000d5b4                __fsym___cmd_list_thread_name
                0x000000000000d5c8                __fsym_list_thread_desc
                0x000000000000d5d4                __fsym_list_thread_name
                0x000000000000d5e0                __fsym___cmd_clear_desc
                0x000000000000d5f4                __fsym___cmd_clear_name
                0x000000000000d600                __fsym_clear_desc
                0x000000000000d614                __fsym_clear_name
                0x000000000000d61c                __fsym___cmd_reboot_desc
                0x000000000000d630                __fsym___cmd_reboot_name
                0x000000000000d640                __fsym_reboot_desc
                0x000000000000d654                __fsym_reboot_name
 *fill*         0x000000000000d65b        0x1 
 .rodata.show_wait_queue.str1.4
                0x000000000000d65c        0x6 ./rtthread/components/finsh/cmd.o
 *fill*         0x000000000000d662        0x2 
 .rodata.str1.4
                0x000000000000d664      0x11c ./rtthread/components/finsh/cmd.o
 .rodata.msh_auto_complete.str1.4
                0x000000000000d780      0x11c ./rtthread/components/finsh/msh.o
                                          0x4 (size before relaxing)
 .rodata.msh_exec.str1.4
                0x000000000000d780       0x3c ./rtthread/components/finsh/msh.o
 .rodata.msh_help.str1.4
                0x000000000000d7bc       0x30 ./rtthread/components/finsh/msh.o
                                         0x32 (size before relaxing)
 .rodata.name   0x000000000000d7ec       0x23 ./rtthread/components/finsh/msh.o
                0x000000000000d7ec                __fsym___cmd_help_desc
                0x000000000000d804                __fsym___cmd_help_name
 *fill*         0x000000000000d80f        0x1 
 .rodata.name   0x000000000000d810       0x55 ./rtthread/components/finsh/msh_cmd.o
                0x000000000000d810                __fsym___cmd_free_desc
                0x000000000000d834                __fsym___cmd_free_name
                0x000000000000d840                __fsym___cmd_ps_desc
                0x000000000000d85c                __fsym___cmd_ps_name
 *fill*         0x000000000000d865        0x3 
 .rodata.finsh_set_device.str1.4
                0x000000000000d868       0x20 ./rtthread/components/finsh/shell.o
 .rodata.finsh_system_init.str1.4
                0x000000000000d888       0x25 ./rtthread/components/finsh/shell.o
 *fill*         0x000000000000d8ad        0x3 
 .rodata.finsh_thread_entry.str1.4
                0x000000000000d8b0       0x14 ./rtthread/components/finsh/shell.o
                                         0x1b (size before relaxing)
 .rodata.shell_handle_history.str1.4
                0x000000000000d8c4        0xd ./rtthread/components/finsh/shell.o
 *fill*         0x000000000000d8d1        0x3 
 .rodata.name   0x000000000000d8d4       0x70 ./rtthread/components/drivers/misc/pin.o
                0x000000000000d8d4                __fsym_pinRead_desc
                0x000000000000d8f4                __fsym_pinRead_name
                0x000000000000d8fc                __fsym_pinWrite_desc
                0x000000000000d918                __fsym_pinWrite_name
                0x000000000000d924                __fsym_pinMode_desc
                0x000000000000d93c                __fsym_pinMode_name
 .rodata.rt_hw_board_init.str1.4
                0x000000000000d944        0x6 ./rtthread/board.o
 *fill*         0x000000000000d94a        0x2 
 .rodata._ch32_pin_ops
                0x000000000000d94c       0x18 ./drivers/drv_gpio.o
 .rodata.pin_irq_map
                0x000000000000d964       0x80 ./drivers/drv_gpio.o
 .rodata.pins   0x000000000000d9e4      0x650 ./drivers/drv_gpio.o
 .rodata.rt_hw_pin_init.str1.4
                0x000000000000e034        0x4 ./drivers/drv_gpio.o
 .rodata._ch32_timer_ops
                0x000000000000e038       0x1c ./drivers/drv_timer.o
 .rodata.rt_hw_user_timer_init.str1.4
                0x000000000000e054        0x8 ./drivers/drv_timer.o
 .rodata.ch32_uart_ops
                0x000000000000e05c       0x14 ./drivers/drv_usart.o
 .rodata.rt_hw_usart_init.str1.4
                0x000000000000e070        0x6 ./drivers/drv_usart.o
 .rodata.DrawMenu
                0x000000000000e070      0x104 ./User/Func.o
 .rodata.DrawCurve.cst4
                0x000000000000e174        0x8 ./User/Func.o
 .rodata.DrawCurve.str1.4
                0x000000000000e17c       0x22 ./User/Func.o
 *fill*         0x000000000000e19e        0x2 
 .rodata.DrawMenu.cst4
                0x000000000000e1a0        0x4 ./User/Func.o
 .rodata.DrawMenu.str1.4
                0x000000000000e1a4       0xf7 ./User/Func.o
                                        0x107 (size before relaxing)
 *fill*         0x000000000000e29b        0x1 
 .rodata.GetThreshHoldVolt.str1.4
                0x000000000000e29c       0x1d ./User/Func.o
 *fill*         0x000000000000e2b9        0x3 
 .rodata.fasttraining.str1.4
                0x000000000000e2bc       0x2c ./User/Func.o
 .rodata.train.str1.4
                0x000000000000e2e8       0x4c ./User/Func.o
 .rodata.DMA1_Channel1_IRQHandler.str1.4
                0x000000000000e334        0xb ./User/Peripheral.o
 *fill*         0x000000000000e33f        0x1 
 .rodata.HardFault_Handler.str1.4
                0x000000000000e340        0xc ./User/ch32v30x_it.o
 .rodata.NMI_Handler.str1.4
                0x000000000000e34c        0xf ./User/ch32v30x_it.o
 *fill*         0x000000000000e35b        0x1 
 .rodata.asc2_1608
                0x000000000000e35c      0x5e0 ./User/lcd.o
                0x000000000000e35c                asc2_1608
 .rodata.asc2_2412
                0x000000000000e93c     0x11a0 ./User/lcd.o
                0x000000000000e93c                asc2_2412
 .rodata.asc2_3216
                0x000000000000fadc     0x1780 ./User/lcd.o
                0x000000000000fadc                asc2_3216
 .rodata.lcd_show_char.str1.4
                0x000000000001125c       0x4a ./User/lcd.o
 .rodata.lcd_show_num.str1.4
                0x00000000000112a6        0x3 ./User/lcd.o
 *fill*         0x00000000000112a6        0x2 
 .rodata.lcd_show_string.str1.4
                0x00000000000112a8       0x1e ./User/lcd.o
 *fill*         0x00000000000112c6        0x2 
 .rodata.main.str1.4
                0x00000000000112c8       0x5f ./User/main.o
 *fill*         0x0000000000011327        0x1 
 .rodata.peripheral_init.str1.4
                0x0000000000011328       0x4e ./User/main.o
 *fill*         0x0000000000011376        0x2 
 .rodata.key_init.str1.4
                0x0000000000011378       0x41 ./User/peri_config.o
                                         0x45 (size before relaxing)
 *fill*         0x00000000000113b9        0x3 
 .rodata.main_init.str1.4
                0x00000000000113bc       0x42 ./User/peri_config.o
 *fill*         0x00000000000113fe        0x2 
 .rodata.LCD_thread_entry
                0x0000000000011400       0x2c ./User/user_thread.o
 .rodata.LCD_thread_entry.cst4
                0x000000000001142c        0x4 ./User/user_thread.o
 *fill*         0x0000000000011430        0x0 
 .rodata.LCD_thread_entry.cst8
                0x0000000000011430       0x18 ./User/user_thread.o
 .rodata.LCD_thread_entry.str1.4
                0x0000000000011448       0x98 ./User/user_thread.o
                                         0xa4 (size before relaxing)
 .rodata.thread_sema_init.str1.4
                0x00000000000114e0       0x92 ./User/user_thread.o
                                         0x96 (size before relaxing)
 *fill*         0x0000000000011572        0x2 
 .rodata.__divsf3
                0x0000000000011574       0x80 /home/jixiang/app/MounRiver_Studio_Community_Linux_x64_V150/MRS_Community/toolchain/RISC-V Embedded GCC/bin/../lib/gcc/riscv-none-embed/8.2.0/rv32imac/ilp32/libgcc.a(divsf3.o)
 .rodata.__mulsf3
                0x00000000000115f4       0x40 /home/jixiang/app/MounRiver_Studio_Community_Linux_x64_V150/MRS_Community/toolchain/RISC-V Embedded GCC/bin/../lib/gcc/riscv-none-embed/8.2.0/rv32imac/ilp32/libgcc.a(mulsf3.o)
 .rodata.__clz_tab
                0x0000000000011634      0x100 /home/jixiang/app/MounRiver_Studio_Community_Linux_x64_V150/MRS_Community/toolchain/RISC-V Embedded GCC/bin/../lib/gcc/riscv-none-embed/8.2.0/rv32imac/ilp32/libgcc.a(_clz.o)
                0x0000000000011634                __clz_tab
 .rodata.__sf_fake_stderr
                0x0000000000011734       0x20 /home/jixiang/app/MounRiver_Studio_Community_Linux_x64_V150/MRS_Community/toolchain/RISC-V Embedded GCC/bin/../lib/gcc/riscv-none-embed/8.2.0/../../../../riscv-none-embed/lib/rv32imac/ilp32/libg_nano.a(lib_a-findfp.o)
                0x0000000000011734                __sf_fake_stderr
 .rodata.__sf_fake_stdin
                0x0000000000011754       0x20 /home/jixiang/app/MounRiver_Studio_Community_Linux_x64_V150/MRS_Community/toolchain/RISC-V Embedded GCC/bin/../lib/gcc/riscv-none-embed/8.2.0/../../../../riscv-none-embed/lib/rv32imac/ilp32/libg_nano.a(lib_a-findfp.o)
                0x0000000000011754                __sf_fake_stdin
 .rodata.__sf_fake_stdout
                0x0000000000011774       0x20 /home/jixiang/app/MounRiver_Studio_Community_Linux_x64_V150/MRS_Community/toolchain/RISC-V Embedded GCC/bin/../lib/gcc/riscv-none-embed/8.2.0/../../../../riscv-none-embed/lib/rv32imac/ilp32/libg_nano.a(lib_a-findfp.o)
                0x0000000000011774                __sf_fake_stdout
 .rodata._svfprintf_r.str1.4
                0x0000000000011794       0x13 /home/jixiang/app/MounRiver_Studio_Community_Linux_x64_V150/MRS_Community/toolchain/RISC-V Embedded GCC/bin/../lib/gcc/riscv-none-embed/8.2.0/../../../../riscv-none-embed/lib/rv32imac/ilp32/libg_nano.a(lib_a-nano-svfprintf.o)
 .rodata._vfprintf_r.str1.4
                0x00000000000117a7       0x13 /home/jixiang/app/MounRiver_Studio_Community_Linux_x64_V150/MRS_Community/toolchain/RISC-V Embedded GCC/bin/../lib/gcc/riscv-none-embed/8.2.0/../../../../riscv-none-embed/lib/rv32imac/ilp32/libg_nano.a(lib_a-nano-vfprintf.o)
 *fill*         0x00000000000117a7        0x1 
 .rodata._printf_i.str1.4
                0x00000000000117a8       0x28 /home/jixiang/app/MounRiver_Studio_Community_Linux_x64_V150/MRS_Community/toolchain/RISC-V Embedded GCC/bin/../lib/gcc/riscv-none-embed/8.2.0/../../../../riscv-none-embed/lib/rv32imac/ilp32/libg_nano.a(lib_a-nano-vfprintf_i.o)
                                         0x25 (size before relaxing)
 *(.gnu.linkonce.t.*)
                0x00000000000117d0                . = ALIGN (0x4)
                0x00000000000117d0                __fsymtab_start = .
 *(FSymTab)
 FSymTab        0x00000000000117d0        0xc ./rtthread/src/mem.o
                0x00000000000117d0                __fsym_list_mem
 FSymTab        0x00000000000117dc       0xfc ./rtthread/components/finsh/cmd.o
                0x00000000000117dc                __fsym_list